Component: ARM Compiler 5.06 update 7 (build 960) Tool: armlink [4d3601]

==============================================================================

Section Cross References

    main.o(i.main) refers to all_init.o(i.All_HardWare_init) for All_HardWare_init
    main.o(i.main) refers to control.o(i.Protect_Check) for Protect_Check
    main.o(i.main) refers to control.o(i.LED_show_working) for LED_show_working
    main.o(i.main) refers to lcd.o(i.LCD_show_Brief_info) for LCD_show_Brief_info
    control.o(i.Balance_Control) refers to control.o(i.Get_now_Velocity) for Get_now_Velocity
    control.o(i.Balance_Control) refers to faddsub_clz.o(x$fpl$fadd) for __aeabi_fadd
    control.o(i.Balance_Control) refers to pid.o(i.Position_PID_Cal) for Position_PID_Cal
    control.o(i.Balance_Control) refers to ffix.o(x$fpl$ffix) for __aeabi_f2iz
    control.o(i.Balance_Control) refers to pid.o(i.Balance_Car_Velocity_ONLY_Position_PID_Cal) for Balance_Car_Velocity_ONLY_Position_PID_Cal
    control.o(i.Balance_Control) refers to motor.o(i.Set_Motor_Speed) for Set_Motor_Speed
    control.o(i.Balance_Control) refers to control.o(.data) for .data
    control.o(i.Balance_Control) refers to imu.o(.bss) for imu
    control.o(i.Balance_Control) refers to control.o(.bss) for .bss
    control.o(i.Get_now_Velocity) refers to fflt_clz.o(x$fpl$fflt) for __aeabi_i2f
    control.o(i.Get_now_Velocity) refers to faddsub_clz.o(x$fpl$fadd) for __aeabi_fadd
    control.o(i.LED_show_working) refers to control.o(.data) for .data
    control.o(i.PID_init) refers to pid.o(i.PID_Init) for PID_Init
    control.o(i.PID_init) refers to control.o(.bss) for .bss
    control.o(i.Protect_Check) refers to imu.o(.bss) for imu
    control.o(i.Protect_Check) refers to control.o(.data) for .data
    control.o(i.Protect_Check) refers to control.o(.bss) for .bss
    control.o(i.TIM3_IRQHandler) refers to stm32f10x_tim.o(i.TIM_GetITStatus) for TIM_GetITStatus
    control.o(i.TIM3_IRQHandler) refers to stm32f10x_tim.o(i.TIM_ClearITPendingBit) for TIM_ClearITPendingBit
    control.o(i.TIM3_IRQHandler) refers to imu.o(i.IMU_Update) for IMU_Update
    control.o(i.TIM3_IRQHandler) refers to motor.o(i.Set_Motor_Speed) for Set_Motor_Speed
    control.o(i.TIM3_IRQHandler) refers to control.o(i.Balance_Control) for Balance_Control
    control.o(i.TIM3_IRQHandler) refers to control.o(.data) for .data
    pid.o(i.Balance_Car_Velocity_ONLY_Position_PID_Cal) refers to faddsub_clz.o(x$fpl$fsub) for __aeabi_fsub
    pid.o(i.Balance_Car_Velocity_ONLY_Position_PID_Cal) refers to fflt_clz.o(x$fpl$ffltu) for __aeabi_ui2f
    pid.o(i.Balance_Car_Velocity_ONLY_Position_PID_Cal) refers to faddsub_clz.o(x$fpl$fadd) for __aeabi_fadd
    pid.o(i.Balance_Car_Velocity_ONLY_Position_PID_Cal) refers to fmul.o(x$fpl$fmul) for __aeabi_fmul
    pid.o(i.Balance_Car_Velocity_ONLY_Position_PID_Cal) refers to pid.o(i.PID_Integral_limit) for PID_Integral_limit
    pid.o(i.Balance_Car_Velocity_ONLY_Position_PID_Cal) refers to pid.o(i.PID_Output_limit) for PID_Output_limit
    pid.o(i.Increment_PID_Cal) refers to faddsub_clz.o(x$fpl$fsub) for __aeabi_fsub
    pid.o(i.Increment_PID_Cal) refers to scalbnf.o(x$fpl$scalbnf) for __ARM_scalbnf
    pid.o(i.Increment_PID_Cal) refers to faddsub_clz.o(x$fpl$frsb) for __aeabi_frsub
    pid.o(i.Increment_PID_Cal) refers to faddsub_clz.o(x$fpl$fadd) for __aeabi_fadd
    pid.o(i.Increment_PID_Cal) refers to fmul.o(x$fpl$fmul) for __aeabi_fmul
    pid.o(i.Increment_PID_Cal) refers to pid.o(i.PID_Output_limit) for PID_Output_limit
    pid.o(i.PID_Cal) refers to faddsub_clz.o(x$fpl$fsub) for __aeabi_fsub
    pid.o(i.PID_Cal) refers to faddsub_clz.o(x$fpl$fadd) for __aeabi_fadd
    pid.o(i.PID_Cal) refers to fmul.o(x$fpl$fmul) for __aeabi_fmul
    pid.o(i.PID_Cal) refers to pid.o(i.PID_Integral_limit) for PID_Integral_limit
    pid.o(i.PID_Cal) refers to pid.o(i.PID_Output_limit) for PID_Output_limit
    pid.o(i.PID_Integral_limit) refers to frleqf.o(x$fpl$frleqf) for __aeabi_cfrcmple
    pid.o(i.PID_Integral_limit) refers to fleqf.o(x$fpl$fleqf) for __aeabi_cfcmple
    pid.o(i.PID_Output_limit) refers to frleqf.o(x$fpl$frleqf) for __aeabi_cfrcmple
    pid.o(i.PID_Output_limit) refers to fleqf.o(x$fpl$fleqf) for __aeabi_cfcmple
    pid.o(i.Position_PID_Cal) refers to faddsub_clz.o(x$fpl$fsub) for __aeabi_fsub
    pid.o(i.Position_PID_Cal) refers to faddsub_clz.o(x$fpl$fadd) for __aeabi_fadd
    pid.o(i.Position_PID_Cal) refers to fmul.o(x$fpl$fmul) for __aeabi_fmul
    pid.o(i.Position_PID_Cal) refers to pid.o(i.PID_Integral_limit) for PID_Integral_limit
    pid.o(i.Position_PID_Cal) refers to pid.o(i.PID_Output_limit) for PID_Output_limit
    pid.o(i.Yaw_PID) refers to faddsub_clz.o(x$fpl$fsub) for __aeabi_fsub
    pid.o(i.Yaw_PID) refers to fmul.o(x$fpl$fmul) for __aeabi_fmul
    pid.o(i.Yaw_PID) refers to faddsub_clz.o(x$fpl$fadd) for __aeabi_fadd
    pid.o(i.Yaw_PID) refers to pid.o(i.PID_Output_limit) for PID_Output_limit
[...]
    __Vectors_Size                           0x00000130   Number         0  startup_stm32f10x_hd.o ABSOLUTE
    __Vectors                                0x08000000   Data           4  startup_stm32f10x_hd.o(RESET)
    __Vectors_End                            0x08000130   Data           0  startup_stm32f10x_hd.o(RESET)
    __main                                   0x08000131   Thumb Code     8  __main.o(!!!main)
    __scatterload                            0x08000139   Thumb Code     0  __scatter.o(!!!scatter)
    __scatterload_rt2                        0x08000139   Thumb Code    44  __scatter.o(!!!scatter)
    __scatterload_rt2_thumb_only             0x08000139   Thumb Code     0  __scatter.o(!!!scatter)
    __scatterload_null                       0x08000147   Thumb Code     0  __scatter.o(!!!scatter)
    __scatterload_copy                       0x0800016d   Thumb Code    26  __scatter_copy.o(!!handler_copy)
    __scatterload_zeroinit                   0x08000189   Thumb Code    28  __scatter_zi.o(!!handler_zi)
    _printf_n                                0x080001a5   Thumb Code     0  _printf_n.o(.ARM.Collect$$_printf_percent$$00000001)
    _printf_percent                          0x080001a5   Thumb Code     0  _printf_percent.o(.ARM.Collect$$_printf_percent$$00000000)
    _printf_p                                0x080001ab   Thumb Code     0  _printf_p.o(.ARM.Collect$$_printf_percent$$00000002)
    _printf_f                                0x080001b1   Thumb Code     0  _printf_f.o(.ARM.Collect$$_printf_percent$$00000003)
    _printf_e                                0x080001b7   Thumb Code     0  _printf_e.o(.ARM.Collect$$_printf_percent$$00000004)
    _printf_g                                0x080001bd   Thumb Code     0  _printf_g.o(.ARM.Collect$$_printf_percent$$00000005)
    _printf_a                                0x080001c3   Thumb Code     0  _printf_a.o(.ARM.Collect$$_printf_percent$$00000006)
    _printf_ll                               0x080001c9   Thumb Code     0  _printf_ll.o(.ARM.Collect$$_printf_percent$$00000007)
    _printf_i                                0x080001d3   Thumb Code     0  _printf_i.o(.ARM.Collect$$_printf_percent$$00000008)
    _printf_d                                0x080001d9   Thumb Code     0  _printf_d.o(.ARM.Collect$$_printf_percent$$00000009)
    _printf_u                                0x080001df   Thumb Code     0  _printf_u.o(.ARM.Collect$$_printf_percent$$0000000A)
    _printf_o                                0x080001e5   Thumb Code     0  _printf_o.o(.ARM.Collect$$_printf_percent$$0000000B)
    _printf_x                                0x080001eb   Thumb Code     0  _printf_x.o(.ARM.Collect$$_printf_percent$$0000000C)
    _printf_lli                              0x080001f1   Thumb Code     0  _printf_lli.o(.ARM.Collect$$_printf_percent$$0000000D)
    _printf_lld                              0x080001f7   Thumb Code     0  _printf_lld.o(.ARM.Collect$$_printf_percent$$0000000E)
    _printf_llu                              0x080001fd   Thumb Code     0  _printf_llu.o(.ARM.Collect$$_printf_percent$$0000000F)
    _printf_llo                              0x08000203   Thumb Code     0  _printf_llo.o(.ARM.Collect$$_printf_percent$$00000010)
    _printf_llx                              0x08000209   Thumb Code     0  _printf_llx.o(.ARM.Collect$$_printf_percent$$00000011)
    _printf_l                                0x0800020f   Thumb Code     0  _printf_l.o(.ARM.Collect$$_printf_percent$$00000012)
    _printf_c                                0x08000219   Thumb Code     0  _printf_c.o(.ARM.Collect$$_printf_percent$$00000013)
    _printf_s                                0x0800021f   Thumb Code     0  _printf_s.o(.ARM.Collect$$_printf_percent$$00000014)
    _printf_lc                               0x08000225   Thumb Code     0  _printf_lc.o(.ARM.Collect$$_printf_percent$$00000015)
    _printf_ls                               0x0800022b   Thumb Code     0  _printf_ls.o(.ARM.Collect$$_printf_percent$$00000016)
    _printf_percent_end                      0x08000231   Thumb Code     0  _printf_percent_end.o(.ARM.Collect$$_printf_percent$$00000017)
    __rt_lib_init                            0x08000235   Thumb Code     0  libinit.o(.ARM.Collect$$libinit$$00000000)
    __rt_lib_init_fp_1                       0x08000237   Thumb Code     0  libinit2.o(.ARM.Collect$$libinit$$00000002)
    __rt_lib_init_heap_1                     0x08000237   Thumb Code     0  libinit2.o(.ARM.Collect$$libinit$$0000000A)
    __rt_lib_init_lc_common                  0x08000237   Thumb Code     0  libinit2.o(.ARM.Collect$$libinit$$0000000F)
    __rt_lib_init_preinit_1                  0x08000237   Thumb Code     0  libinit2.o(.ARM.Collect$$libinit$$00000004)
    __rt_lib_init_rand_1                     0x08000237   Thumb Code     0  libinit2.o(.ARM.Collect$$libinit$$0000000E)
    __rt_lib_init_user_alloc_1               0x08000237   Thumb Code     0  libinit2.o(.ARM.Collect$$libinit$$0000000C)
    __rt_lib_init_lc_collate_1               0x0800023d   Thumb Code     0  libinit2.o(.ARM.Collect$$libinit$$00000011)
    __rt_lib_init_lc_ctype_2                 0x0800023d   Thumb Code     0  libinit2.o(.ARM.Collect$$libinit$$00000012)
    __rt_lib_init_lc_ctype_1                 0x08000249   Thumb Code     0  libinit2.o(.ARM.Collect$$libinit$$00000013)
    __rt_lib_init_lc_monetary_1              0x08000249   Thumb Code     0  libinit2.o(.ARM.Collect$$libinit$$00000015)
    __rt_lib_init_lc_numeric_2               0x08000249   Thumb Code     0  libinit2.o(.ARM.Collect$$libinit$$00000016)
    __rt_lib_init_alloca_1                   0x08000253   Thumb Code     0  libinit2.o(.ARM.Collect$$libinit$$0000002E)
    __rt_lib_init_argv_1                     0x08000253   Thumb Code     0  libinit2.o(.ARM.Collect$$libinit$$0000002C)
    __rt_lib_init_atexit_1                   0x08000253   Thumb Code     0  libinit2.o(.ARM.Collect$$libinit$$0000001B)
    __rt_lib_init_clock_1                    0x08000253   Thumb Code     0  libinit2.o(.ARM.Collect$$libinit$$00000021)
    __rt_lib_init_cpp_1                      0x08000253   Thumb Code     0  libinit2.o(.ARM.Collect$$libinit$$00000032)
    __rt_lib_init_exceptions_1               0x08000253   Thumb Code     0  libinit2.o(.ARM.Collect$$libinit$$00000030)
    __rt_lib_init_fp_trap_1                  0x08000253   Thumb Code     0  libinit2.o(.ARM.Collect$$libinit$$0000001F)
    __rt_lib_init_getenv_1                   0x08000253   Thumb Code     0  libinit2.o(.ARM.Collect$$libinit$$00000023)
    __rt_lib_init_lc_numeric_1               0x08000253   Thumb Code     0  libinit2.o(.ARM.Collect$$libinit$$00000017)
    __rt_lib_init_lc_time_1                  0x08000253   Thumb Code     0  libinit2.o(.ARM.Collect$$libinit$$00000019)
    __rt_lib_init_return                     0x08000253   Thumb Code     0  libinit2.o(.ARM.Collect$$libinit$$00000033)
    __rt_lib_init_signal_1                   0x08000253   Thumb Code     0  libinit2.o(.ARM.Collect$$libinit$$0000001D)
    __rt_lib_init_stdio_1                    0x08000253   Thumb Code     0  libinit2.o(.ARM.Collect$$libinit$$00000025)
    __rt_lib_shutdown                        0x08000255   Thumb Code     0  libshutdown.o(.ARM.Collect$$libshutdown$$00000000)
    __rt_lib_shutdown_cpp_1                  0x08000257   Thumb Code     0  libshutdown2.o(.ARM.Collect$$libshutdown$$00000004)
    __rt_lib_shutdown_fini_1                 0x08000257   Thumb Code     0  libshutdown2.o(.ARM.Collect$$libshutdown$$00000002)
    __rt_lib_shutdown_fp_trap_1              0x08000257   Thumb Code     0  libshutdown2.o(.ARM.Collect$$libshutdown$$00000009)
    __rt_lib_shutdown_heap_1                 0x08000257   Thumb Code     0  libshutdown2.o(.ARM.Collect$$libshutdown$$00000011)
    __rt_lib_shutdown_return                 0x08000257   Thumb Code     0  libshutdown2.o(.ARM.Collect$$libshutdown$$00000012)
    __rt_lib_shutdown_signal_1               0x08000257   Thumb Code     0  libshutdown2.o(.ARM.Collect$$libshutdown$$0000000C)
    __rt_lib_shutdown_stdio_1                0x08000257   Thumb Code     0  libshutdown2.o(.ARM.Collect$$libshutdown$$00000006)
    __rt_lib_shutdown_user_alloc_1           0x08000257   Thumb Code     0  libshutdown2.o(.ARM.Collect$$libshutdown$$0000000E)
    __rt_entry                               0x08000259   Thumb Code     0  __rtentry.o(.ARM.Collect$$rtentry$$00000000)
    __rt_entry_presh_1                       0x08000259   Thumb Code     0  __rtentry2.o(.ARM.Collect$$rtentry$$00000002)
    __rt_entry_sh                            0x08000259   Thumb Code     0  __rtentry4.o(.ARM.Collect$$rtentry$$00000004)
    __rt_entry_li                            0x0800025f   Thumb Code     0  __rtentry2.o(.ARM.Collect$$rtentry$$0000000A)
    __rt_entry_postsh_1                      0x0800025f   Thumb Code     0  __rtentry2.o(.ARM.Collect$$rtentry$$00000009)
    __rt_entry_main                          0x08000263   Thumb Code     0  __rtentry2.o(.ARM.Collect$$rtentry$$0000000D)
    __rt_entry_postli_1                      0x08000263   Thumb Code     0  __rtentry2.o(.ARM.Collect$$rtentry$$0000000C)
    __rt_exit                                0x0800026b   Thumb Code     0  rtexit.o(.ARM.Collect$$rtexit$$00000000)
    __rt_exit_ls                             0x0800026d   Thumb Code     0  rtexit2.o(.ARM.Collect$$rtexit$$00000003)
    __rt_exit_prels_1                        0x0800026d   Thumb Code     0  rtexit2.o(.ARM.Collect$$rtexit$$00000002)
    __rt_exit_exit                           0x08000271   Thumb Code     0  rtexit2.o(.ARM.Collect$$rtexit$$00000004)
    Reset_Handler                            0x08000279   Thumb Code     8  startup_stm32f10x_hd.o(.text)
    ADC1_2_IRQHandler                        0x08000293   Thumb Code     0  startup_stm32f10x_hd.o(.text)
    ADC3_IRQHandler                          0x08000293   Thumb Code     0  startup_stm32f10x_hd.o(.text)
    CAN1_RX1_IRQHandler                      0x08000293   Thumb Code     0  startup_stm32f10x_hd.o(.text)
    CAN1_SCE_IRQHandler                      0x08000293   Thumb Code     0  startup_stm32f10x_hd.o(.text)
    DMA1_Channel1_IRQHandler                 0x08000293   Thumb Code     0  startup_stm32f10x_hd.o(.text)
    DMA1_Channel2_IRQHandler                 0x08000293   Thumb Code     0  startup_stm32f10x_hd.o(.text)
    DMA1_Channel3_IRQHandler                 0x08000293   Thumb Code     0  startup_stm32f10x_hd.o(.text)
    DMA1_Channel4_IRQHandler                 0x08000293   Thumb Code     0  startup_stm32f10x_hd.o(.text)
    DMA1_Channel5_IRQHandler                 0x08000293   Thumb Code     0  startup_stm32f10x_hd.o(.text)
    DMA1_Channel6_IRQHandler                 0x08000293   Thumb Code     0  startup_stm32f10x_hd.o(.text)
    DMA1_Channel7_IRQHandler                 0x08000293   Thumb Code     0  startup_stm32f10x_hd.o(.text)
    DMA2_Channel1_IRQHandler                 0x08000293   Thumb Code     0  startup_stm32f10x_hd.o(.text)
    DMA2_Channel2_IRQHandler                 0x08000293   Thumb Code     0  startup_stm32f10x_hd.o(.text)
    DMA2_Channel3_IRQHandler                 0x08000293   Thumb Code     0  startup_stm32f10x_hd.o(.text)
    DMA2_Channel4_5_IRQHandler               0x08000293   Thumb Code     0  startup_stm32f10x_hd.o(.text)
    EXTI0_IRQHandler                         0x08000293   Thumb Code     0  startup_stm32f10x_hd.o(.text)
    EXTI15_10_IRQHandler                     0x08000293   Thumb Code     0  startup_stm32f10x_hd.o(.text)
    EXTI1_IRQHandler                         0x08000293   Thumb Code     0  startup_stm32f10x_hd.o(.text)
    EXTI2_IRQHandler                         0x08000293   Thumb Code     0  startup_stm32f10x_hd.o(.text)
    EXTI3_IRQHandler                         0x08000293   Thumb Code     0  startup_stm32f10x_hd.o(.text)
    EXTI4_IRQHandler                         0x08000293   Thumb Code     0  startup_stm32f10x_hd.o(.text)
    EXTI9_5_IRQHandler                       0x08000293   Thumb Code     0  startup_stm32f10x_hd.o(.text)
    FLASH_IRQHandler                         0x08000293   Thumb Code     0  startup_stm32f10x_hd.o(.text)
    FSMC_IRQHandler                          0x08000293   Thumb Code     0  startup_stm32f10x_hd.o(.text)
    I2C1_ER_IRQHandler                       0x08000293   Thumb Code     0  startup_stm32f10x_hd.o(.text)
    I2C1_EV_IRQHandler                       0x08000293   Thumb Code     0  startup_stm32f10x_hd.o(.text)
    I2C2_ER_IRQHandler                       0x08000293   Thumb Code     0  startup_stm32f10x_hd.o(.text)
    I2C2_EV_IRQHandler                       0x08000293   Thumb Code     0  startup_stm32f10x_hd.o(.text)
    PVD_IRQHandler                           0x08000293   Thumb Code     0  startup_stm32f10x_hd.o(.text)
    RCC_IRQHandler                           0x08000293   Thumb Code     0  startup_stm32f10x_hd.o(.text)
    RTCAlarm_IRQHandler                      0x08000293   Thumb Code     0  startup_stm32f10x_hd.o(.text)
    RTC_IRQHandler                           0x08000293   Thumb Code     0  startup_stm32f10x_hd.o(.text)
    SDIO_IRQHandler                          0x08000293   Thumb Code     0  startup_stm32f10x_hd.o(.text)
    SPI1_IRQHandler                          0x08000293   Thumb Code     0  startup_stm32f10x_hd.o(.text)
    SPI2_IRQHandler                          0x08000293   Thumb Code     0  startup_stm32f10x_hd.o(.text)
    SPI3_IRQHandler                          0x08000293   Thumb Code     0  startup_stm32f10x_hd.o(.text)
    TAMPER_IRQHandler                        0x08000293   Thumb Code     0  startup_stm32f10x_hd.o(.text)
    TIM1_BRK_IRQHandler                      0x08000293   Thumb Code     0  startup_stm32f10x_hd.o(.text)
    TIM1_CC_IRQHandler                       0x08000293   Thumb Code     0  startup_stm32f10x_hd.o(.text)
    TIM1_TRG_COM_IRQHandler                  0x08000293   Thumb Code     0  startup_stm32f10x_hd.o(.text)
    TIM1_UP_IRQHandler                       0x08000293   Thumb Code     0  startup_stm32f10x_hd.o(.text)
    TIM2_IRQHandler                          0x08000293   Thumb Code     0  startup_stm32f10x_hd.o(.text)
    TIM4_IRQHandler                          0x08000293   Thumb Code     0  startup_stm32f10x_hd.o(.text)
    TIM5_IRQHandler                          0x08000293   Thumb Code     0  startup_stm32f10x_hd.o(.text)
    TIM6_IRQHandler                          0x08000293   Thumb Code     0  startup_stm32f10x_hd.o(.text)
    TIM7_IRQHandler                          0x08000293   Thumb Code     0  startup_stm32f10x_hd.o(.text)
    TIM8_BRK_IRQHandler                      0x08000293   Thumb Code     0  startup_stm32f10x_hd.o(.text)
    TIM8_CC_IRQHandler                       0x08000293   Thumb Code     0  startup_stm32f10x_hd.o(.text)
    TIM8_TRG_COM_IRQHandler                  0x08000293   Thumb Code     0  startup_stm32f10x_hd.o(.text)
    TIM8_UP_IRQHandler                       0x08000293   Thumb Code     0  startup_stm32f10x_hd.o(.text)
    UART4_IRQHandler                         0x08000293   Thumb Code     0  startup_stm32f10x_hd.o(.text)
    UART5_IRQHandler                         0x08000293   Thumb Code     0  startup_stm32f10x_hd.o(.text)
    USART2_IRQHandler                        0x08000293   Thumb Code     0  startup_stm32f10x_hd.o(.text)
    USART3_IRQHandler                        0x08000293   Thumb Code     0  startup_stm32f10x_hd.o(.text)
    USBWakeUp_IRQHandler                     0x08000293   Thumb Code     0  startup_stm32f10x_hd.o(.text)
    USB_HP_CAN1_TX_IRQHandler                0x08000293   Thumb Code     0  startup_stm32f10x_hd.o(.text)
    USB_LP_CAN1_RX0_IRQHandler               0x08000293   Thumb Code     0  startup_stm32f10x_hd.o(.text)
    WWDG_IRQHandler                          0x08000293   Thumb Code     0  startup_stm32f10x_hd.o(.text)
    __user_initial_stackheap                 0x08000295   Thumb Code     0  startup_stm32f10x_hd.o(.text)
    __use_no_semihosting                     0x080002b9   Thumb Code     2  use_no_semi_2.o(.text)
    vsprintf                                 0x080002bd   Thumb Code    32  vsprintf.o(.text)
    _printf_pre_padding                      0x080002e1   Thumb Code    44  _printf_pad.o(.text)
    _printf_post_padding                     0x0800030d   Thumb Code    34  _printf_pad.o(.text)
    _printf_int_dec                          0x08000331   Thumb Code   104  _printf_dec.o(.text)
    _printf_longlong_hex                     0x080003a9   Thumb Code    86  _printf_hex_int_ll_ptr.o(.text)
    _printf_int_hex                          0x080003ff   Thumb Code    28  _printf_hex_int_ll_ptr.o(.text)
    _printf_ll_hex                           0x0800041b   Thumb Code    12  _printf_hex_int_ll_ptr.o(.text)
    _printf_hex_ptr                          0x08000427   Thumb Code    18  _printf_hex_int_ll_ptr.o(.text)
    __printf                                 0x0800043d   Thumb Code   388  __printf_flags_ss_wp.o(.text)
    __aeabi_memclr4                          0x080005c5   Thumb Code     0  rt_memclr_w.o(.text)
    __aeabi_memclr8                          0x080005c5   Thumb Code     0  rt_memclr_w.o(.text)
    __rt_memclr_w                            0x080005c5   Thumb Code    78  rt_memclr_w.o(.text)
    _memset_w                                0x080005c9   Thumb Code     0  rt_memclr_w.o(.text)
    __use_two_region_memory                  0x08000613   Thumb Code     2  heapauxi.o(.text)
    __rt_heap_escrow$2region                 0x08000615   Thumb Code     2  heapauxi.o(.text)
    __rt_heap_expand$2region                 0x08000617   Thumb Code     2  heapauxi.o(.text)
    __I$use$semihosting                      0x08000619   Thumb Code     0  use_no_semi.o(.text)
    __use_no_semihosting_swi                 0x08000619   Thumb Code     2  use_no_semi.o(.text)
    __read_errno                             0x0800061b   Thumb Code    10  _rserrno.o(.text)
    __set_errno                              0x08000625   Thumb Code    12  _rserrno.o(.text)
    _printf_truncate_signed                  0x08000631   Thumb Code    18  _printf_truncate.o(.text)
    _printf_truncate_unsigned                0x08000643   Thumb Code    18  _printf_truncate.o(.text)
    _printf_str                              0x08000655   Thumb Code    82  _printf_str.o(.text)
    _printf_int_common                       0x080006a7   Thumb Code   178  _printf_intcommon.o(.text)
    _printf_charcount                        0x08000759   Thumb Code    40  _printf_charcount.o(.text)
    _printf_char_common                      0x0800078b   Thumb Code    32  _printf_char_common.o(.text)
    _sputc                                   0x080007b1   Thumb Code    10  _sputc.o(.text)
    _printf_wctomb                           0x080007bd   Thumb Code   182  _printf_wctomb.o(.text)
    _printf_longlong_dec                     0x08000879   Thumb Code   108  _printf_longlong_dec.o(.text)
    _printf_longlong_oct                     0x080008f5   Thumb Code    66  _printf_oct_int_ll.o(.text)
    _printf_int_oct                          0x08000937   Thumb Code    24  _printf_oct_int_ll.o(.text)
    _printf_ll_oct                           0x0800094f   Thumb Code    12  _printf_oct_int_ll.o(.text)
    __aeabi_errno_addr                       0x08000965   Thumb Code     8  rt_errno_addr_intlibspace.o(.text)
    __errno$intlibspace                      0x08000965   Thumb Code     0  rt_errno_addr_intlibspace.o(.text)
    __rt_errno_addr$intlibspace              0x08000965   Thumb Code     0  rt_errno_addr_intlibspace.o(.text)
    _ll_udiv10                               0x0800096d   Thumb Code   138  lludiv10.o(.text)
    __lib_sel_fp_printf                      0x080009f7   Thumb Code     2  _printf_fp_dec.o(.text)
    _printf_fp_dec_real                      0x08000ba9   Thumb Code   620  _printf_fp_dec.o(.text)
    _printf_fp_hex_real                      0x08000e15   Thumb Code   756  _printf_fp_hex.o(.text)
    _printf_cs_common                        0x08001111   Thumb Code    20  _printf_char.o(.text)
    _printf_char                             0x08001125   Thumb Code    16  _printf_char.o(.text)
    _printf_string                           0x08001135   Thumb Code     8  _printf_char.o(.text)
    _printf_lcs_common                       0x0800113d   Thumb Code    20  _printf_wchar.o(.text)
    _printf_wchar                            0x08001151   Thumb Code    16  _printf_wchar.o(.text)
    _printf_wstring                          0x08001161   Thumb Code     8  _printf_wchar.o(.text)
    _wcrtomb                                 0x08001169   Thumb Code    64  _wcrtomb.o(.text)
    __user_libspace                          0x080011a9   Thumb Code     8  libspace.o(.text)
    __user_perproc_libspace                  0x080011a9   Thumb Code     0  libspace.o(.text)
    __user_perthread_libspace                0x080011a9   Thumb Code     0  libspace.o(.text)
    __user_setup_stackheap                   0x080011b1   Thumb Code    74  sys_stackheap_outer.o(.text)
    __rt_ctype_table                         0x080011fd   Thumb Code    16  rt_ctype_table.o(.text)
    __rt_locale                              0x0800120d   Thumb Code     8  rt_locale_intlibspace.o(.text)
    _printf_fp_infnan                        0x08001215   Thumb Code   112  _printf_fp_infnan.o(.text)
    _btod_etento                             0x08001295   Thumb Code   224  bigflt0.o(.text)
    exit                                     0x08001379   Thumb Code    18  exit.o(.text)
    strcmp                                   0x0800138d   Thumb Code   128  strcmpv7m.o(.text)
    _btod_d2e                                0x0800140d   Thumb Code    62  btod.o(CL$$btod_d2e)
    _d2e_denorm_low                          0x0800144b   Thumb Code    70  btod.o(CL$$btod_d2e_denorm_low)
    _d2e_norm_op1                            0x08001491   Thumb Code    96  btod.o(CL$$btod_d2e_norm_op1)
    __btod_div_common                        0x080014f1   Thumb Code   696  btod.o(CL$$btod_div_common)
    _e2e                                     0x08001829   Thumb Code   220  btod.o(CL$$btod_e2e)
    _btod_ediv                               0x08001905   Thumb Code    42  btod.o(CL$$btod_ediv)
    _btod_emul                               0x0800192f   Thumb Code    42  btod.o(CL$$btod_emul)
    __btod_mult_common                       0x08001959   Thumb Code   580  btod.o(CL$$btod_mult_common)
    All_HardWare_init                        0x08001b9d   Thumb Code   200  all_init.o(i.All_HardWare_init)
    All_RCC_clock_init                       0x08001c7d   Thumb Code    46  all_init.o(i.All_RCC_clock_init)
    Balance_Car_Velocity_ONLY_Position_PID_Cal 0x08001cab   Thumb Code   118  pid.o(i.Balance_Car_Velocity_ONLY_Position_PID_Cal)
    Balance_Control                          0x08001d21   Thumb Code    98  control.o(i.Balance_Control)
    BusFault_Handler                         0x08001d95   Thumb Code     2  stm32f10x_it.o(i.BusFault_Handler)
    DebugMon_Handler                         0x08001d97   Thumb Code     2  stm32f10x_it.o(i.DebugMon_Handler)
    Encoder_Init_TIM2                        0x08001d99   Thumb Code   134  encoder.o(i.Encoder_Init_TIM2)
    Encoder_Init_TIM4                        0x08001e25   Thumb Code   132  encoder.o(i.Encoder_Init_TIM4)
    GPIO_Init                                0x08001eb1   Thumb Code   166  stm32f10x_gpio.o(i.GPIO_Init)
    GPIO_ResetBits                           0x08001f57   Thumb Code     4  stm32f10x_gpio.o(i.GPIO_ResetBits)
    GPIO_SetBits                             0x08001f5b   Thumb Code     4  stm32f10x_gpio.o(i.GPIO_SetBits)
    Get_IMU_Values                           0x08001f61   Thumb Code    70  imu.o(i.Get_IMU_Values)
    Get_now_Velocity                         0x08001fad   Thumb Code    56  control.o(i.Get_now_Velocity)
    HardFault_Handler                        0x08001fe9   Thumb Code     2  stm32f10x_it.o(i.HardFault_Handler)
    IIC_Ack                                  0x08001fed   Thumb Code    34  i2c.o(i.IIC_Ack)
    IIC_Init                                 0x08002015   Thumb Code    44  i2c.o(i.IIC_Init)
    IIC_NAck                                 0x08002049   Thumb Code    34  i2c.o(i.IIC_NAck)
    IIC_Read_Byte                            0x08002071   Thumb Code    86  i2c.o(i.IIC_Read_Byte)
    IIC_Send_Byte                            0x080020cd   Thumb Code    72  i2c.o(i.IIC_Send_Byte)
    IIC_Start                                0x08002119   Thumb Code    34  i2c.o(i.IIC_Start)
    IIC_Stop                                 0x08002141   Thumb Code    36  i2c.o(i.IIC_Stop)
    IIC_Wait_Ack                             0x08002169   Thumb Code    64  i2c.o(i.IIC_Wait_Ack)
    IMU_GetAvg                               0x080021ad   Thumb Code    28  imu.o(i.IMU_GetAvg)
    IMU_Init                                 0x080021c9   Thumb Code    80  imu.o(i.IMU_Init)
    IMU_Init_Offset                          0x08002239   Thumb Code   142  imu.o(i.IMU_Init_Offset)
    IMU_NewVal                               0x080022cd   Thumb Code    10  imu.o(i.IMU_NewVal)
    IMU_Update                               0x080022dd   Thumb Code   264  imu.o(i.IMU_Update)
    IMU_readGyro_Acc                         0x08002409   Thumb Code   256  imu.o(i.IMU_readGyro_Acc)
    JTAG_Set                                 0x08002511   Thumb Code    30  sys.o(i.JTAG_Set)
    LCD_Address_Set                          0x08002539   Thumb Code    58  lcd.o(i.LCD_Address_Set)
    LCD_DrawPoint                            0x08002573   Thumb Code    22  lcd.o(i.LCD_DrawPoint)
    LCD_Fill                                 0x08002589   Thumb Code    64  lcd.o(i.LCD_Fill)
    LCD_Init                                 0x080025c9   Thumb Code   484  lcd.o(i.LCD_Init)
    LCD_ShowChar                             0x080027b5   Thumb Code   266  lcd.o(i.LCD_ShowChar)
    LCD_ShowChinese                          0x080028d1   Thumb Code   134  lcd.o(i.LCD_ShowChinese)
    LCD_ShowChinese12x12                     0x08002959   Thumb Code   254  lcd.o(i.LCD_ShowChinese12x12)
    LCD_ShowChinese16x16                     0x08002a5d   Thumb Code   250  lcd.o(i.LCD_ShowChinese16x16)
    LCD_ShowChinese24x24                     0x08002b5d   Thumb Code   254  lcd.o(i.LCD_ShowChinese24x24)
    LCD_ShowChinese32x32                     0x08002c61   Thumb Code   250  lcd.o(i.LCD_ShowChinese32x32)
    LCD_ShowString                           0x08002d61   Thumb Code    54  lcd.o(i.LCD_ShowString)
    LCD_WR_DATA                              0x08002d97   Thumb Code    20  lcd.o(i.LCD_WR_DATA)
    LCD_WR_DATA8                             0x08002dab   Thumb Code     4  lcd.o(i.LCD_WR_DATA8)
    LCD_WR_REG                               0x08002db1   Thumb Code    32  lcd.o(i.LCD_WR_REG)
    LCD_Writ_Bus                             0x08002dd5   Thumb Code    72  lcd.o(i.LCD_Writ_Bus)
    LCD_printf                               0x08002e25   Thumb Code    64  lcd.o(i.LCD_printf)
    LCD_show_Brief_info                      0x08002e65   Thumb Code    26  lcd.o(i.LCD_show_Brief_info)
    LED_Init                                 0x08002e91   Thumb Code    42  led.o(i.LED_Init)
    LED_show_working                         0x08002ec1   Thumb Code    28  control.o(i.LED_show_working)
    MPU_Get_Accelerometer                    0x08002ee5   Thumb Code    64  icm20602ormpu6050.o(i.MPU_Get_Accelerometer)
    MPU_Get_Gyroscope                        0x08002f25   Thumb Code    64  icm20602ormpu6050.o(i.MPU_Get_Gyroscope)
    MPU_Get_Temperature                      0x08002f65   Thumb Code   102  icm20602ormpu6050.o(i.MPU_Get_Temperature)
    MPU_Init                                 0x08002fe1   Thumb Code   124  icm20602ormpu6050.o(i.MPU_Init)
    MPU_Read_Byte                            0x0800305d   Thumb Code    58  icm20602ormpu6050.o(i.MPU_Read_Byte)
    MPU_Read_Len                             0x08003097   Thumb Code   112  icm20602ormpu6050.o(i.MPU_Read_Len)
    MPU_Set_Accel_Fsr                        0x08003107   Thumb Code    10  icm20602ormpu6050.o(i.MPU_Set_Accel_Fsr)
    MPU_Set_Gyro_Fsr                         0x08003111   Thumb Code    10  icm20602ormpu6050.o(i.MPU_Set_Gyro_Fsr)
    MPU_Set_LPF                              0x0800311b   Thumb Code    48  icm20602ormpu6050.o(i.MPU_Set_LPF)
    MPU_Set_Rate                             0x0800314b   Thumb Code    44  icm20602ormpu6050.o(i.MPU_Set_Rate)
    MPU_Write_Byte                           0x08003177   Thumb Code    68  icm20602ormpu6050.o(i.MPU_Write_Byte)
    MahonyAHRSupdateIMU                      0x080031bd   Thumb Code   738  mahony.o(i.MahonyAHRSupdateIMU)
    MemManage_Handler                        0x080034ad   Thumb Code     2  stm32f10x_it.o(i.MemManage_Handler)
    MotorDriver_Init                         0x080034af   Thumb Code    20  motor.o(i.MotorDriver_Init)
    Motor_Dir_Init                           0x080034c5   Thumb Code    28  motor.o(i.Motor_Dir_Init)
    NMI_Handler                              0x080034ed   Thumb Code     2  stm32f10x_it.o(i.NMI_Handler)
    NVIC_Init                                0x080034f1   Thumb Code    96  misc.o(i.NVIC_Init)
    PID_Init                                 0x08003555   Thumb Code    44  pid.o(i.PID_Init)
    PID_Integral_limit                       0x08003591   Thumb Code    38  pid.o(i.PID_Integral_limit)
    PID_Output_limit                         0x080035b7   Thumb Code    38  pid.o(i.PID_Output_limit)
    PID_init                                 0x080035dd   Thumb Code    76  control.o(i.PID_init)
    PendSV_Handler                           0x08003641   Thumb Code     2  stm32f10x_it.o(i.PendSV_Handler)
    Position_PID_Cal                         0x08003643   Thumb Code   104  pid.o(i.Position_PID_Cal)
    Protect_Check                            0x080036ad   Thumb Code    34  control.o(i.Protect_Check)
    RCC_APB1PeriphClockCmd                   0x080036e5   Thumb Code    22  stm32f10x_rcc.o(i.RCC_APB1PeriphClockCmd)
    RCC_APB2PeriphClockCmd                   0x08003701   Thumb Code    22  stm32f10x_rcc.o(i.RCC_APB2PeriphClockCmd)
    RCC_GetClocksFreq                        0x0800371d   Thumb Code   154  stm32f10x_rcc.o(i.RCC_GetClocksFreq)
    SDA_IN                                   0x080037c9   Thumb Code    32  i2c.o(i.SDA_IN)
    SDA_OUT                                  0x080037ed   Thumb Code    32  i2c.o(i.SDA_OUT)
    SVC_Handler                              0x08003811   Thumb Code     2  stm32f10x_it.o(i.SVC_Handler)
    Set_Motor_Speed                          0x080038c9   Thumb Code    72  motor.o(i.Set_Motor_Speed)
    SysTick_CLKSourceConfig                  0x08003919   Thumb Code    28  misc.o(i.SysTick_CLKSourceConfig)
    SysTick_Handler                          0x08003935   Thumb Code     2  stm32f10x_it.o(i.SysTick_Handler)
    SystemInit                               0x08003939   Thumb Code    64  system_stm32f10x.o(i.SystemInit)
    TIM1_Motor_PWM_Init                      0x08003b6d   Thumb Code   144  motor.o(i.TIM1_Motor_PWM_Init)
    TIM3_IRQHandler                          0x08003c05   Thumb Code    64  control.o(i.TIM3_IRQHandler)
    TIM3_Int_Init                            0x08003c4d   Thumb Code    78  timer.o(i.TIM3_Int_Init)
    TIM_ARRPreloadConfig                     0x08003ca1   Thumb Code    24  stm32f10x_tim.o(i.TIM_ARRPreloadConfig)
    TIM_ClearFlag                            0x08003cb9   Thumb Code     6  stm32f10x_tim.o(i.TIM_ClearFlag)
    TIM_ClearITPendingBit                    0x08003cbf   Thumb Code     6  stm32f10x_tim.o(i.TIM_ClearITPendingBit)
    TIM_Cmd                                  0x08003cc5   Thumb Code    24  stm32f10x_tim.o(i.TIM_Cmd)
    TIM_CtrlPWMOutputs                       0x08003cdd   Thumb Code    28  stm32f10x_tim.o(i.TIM_CtrlPWMOutputs)
    TIM_EncoderInterfaceConfig               0x08003cf9   Thumb Code    50  stm32f10x_tim.o(i.TIM_EncoderInterfaceConfig)
    TIM_GetITStatus                          0x08003d2b   Thumb Code    24  stm32f10x_tim.o(i.TIM_GetITStatus)
    TIM_ICInit                               0x08003d45   Thumb Code   122  stm32f10x_tim.o(i.TIM_ICInit)
    TIM_ICStructInit                         0x08003dd1   Thumb Code    16  stm32f10x_tim.o(i.TIM_ICStructInit)
    TIM_ITConfig                             0x08003de1   Thumb Code    20  stm32f10x_tim.o(i.TIM_ITConfig)
    TIM_OC1Init                              0x08003df5   Thumb Code   114  stm32f10x_tim.o(i.TIM_OC1Init)
    TIM_OC1PreloadConfig                     0x08003e7d   Thumb Code    12  stm32f10x_tim.o(i.TIM_OC1PreloadConfig)
    TIM_OC4Init                              0x08003e89   Thumb Code    94  stm32f10x_tim.o(i.TIM_OC4Init)
    TIM_OC4PreloadConfig                     0x08003ef1   Thumb Code    20  stm32f10x_tim.o(i.TIM_OC4PreloadConfig)
    TIM_SetCounter                           0x08003f05   Thumb Code     4  stm32f10x_tim.o(i.TIM_SetCounter)
    TIM_SetIC1Prescaler                      0x08003f09   Thumb Code    16  stm32f10x_tim.o(i.TIM_SetIC1Prescaler)
    TIM_SetIC2Prescaler                      0x08003f19   Thumb Code    24  stm32f10x_tim.o(i.TIM_SetIC2Prescaler)
    TIM_SetIC3Prescaler                      0x08003f31   Thumb Code    16  stm32f10x_tim.o(i.TIM_SetIC3Prescaler)
    TIM_SetIC4Prescaler                      0x08003f41   Thumb Code    24  stm32f10x_tim.o(i.TIM_SetIC4Prescaler)
    TIM_TimeBaseInit                         0x08003f59   Thumb Code   114  stm32f10x_tim.o(i.TIM_TimeBaseInit)
    TIM_TimeBaseStructInit                   0x08003ff5   Thumb Code    18  stm32f10x_tim.o(i.TIM_TimeBaseStructInit)
    USART1_IRQHandler                        0x08004009   Thumb Code    92  usart.o(i.USART1_IRQHandler)
    USART_Cmd                                0x08004071   Thumb Code    24  stm32f10x_usart.o(i.USART_Cmd)
    USART_GetITStatus                        0x08004089   Thumb Code    64  stm32f10x_usart.o(i.USART_GetITStatus)
    USART_ITConfig                           0x080040c9   Thumb Code    54  stm32f10x_usart.o(i.USART_ITConfig)
    USART_Init                               0x08004101   Thumb Code   182  stm32f10x_usart.o(i.USART_Init)
    USART_ReceiveData                        0x080041bd   Thumb Code     8  stm32f10x_usart.o(i.USART_ReceiveData)
    UsageFault_Handler                       0x080041c5   Thumb Code     2  stm32f10x_it.o(i.UsageFault_Handler)
    __ARM_fpclassify                         0x080041c7   Thumb Code    40  fpclassify.o(i.__ARM_fpclassify)
    __kernel_poly                            0x080041ef   Thumb Code   170  poly.o(i.__kernel_poly)
    __mathlib_dbl_infnan                     0x08004299   Thumb Code     6  dunder.o(i.__mathlib_dbl_infnan)
    __mathlib_dbl_infnan2                    0x0800429f   Thumb Code     4  dunder.o(i.__mathlib_dbl_infnan2)
    __mathlib_dbl_underflow                  0x080042a5   Thumb Code    10  dunder.o(i.__mathlib_dbl_underflow)
    _is_digit                                0x080042b5   Thumb Code    14  __printf_wp.o(i._is_digit)
    _sys_exit                                0x080042c3   Thumb Code     2  usart.o(i._sys_exit)
    atan                                     0x080042c5   Thumb Code   474  atan.o(i.atan)
    atan2                                    0x080044e5   Thumb Code   374  atan2.o(i.atan2)
    delay_init                               0x08004681   Thumb Code    46  delay.o(i.delay_init)
    delay_ms                                 0x080046bd   Thumb Code    46  delay.o(i.delay_ms)
    delay_us                                 0x080046f1   Thumb Code    46  delay.o(i.delay_us)
    main                                     0x0800475d   Thumb Code    18  main.o(i.main)
    uart_init                                0x08004771   Thumb Code   142  usart.o(i.uart_init)
    _get_lc_numeric                          0x08004809   Thumb Code    44  lc_numeric_c.o(locale$$code)
    _get_lc_ctype                            0x08004835   Thumb Code    44  lc_ctype_c.o(locale$$code)
    __aeabi_d2f                              0x08004861   Thumb Code     0  d2f.o(x$fpl$d2f)
    _d2f                                     0x08004861   Thumb Code    98  d2f.o(x$fpl$d2f)
    __aeabi_dadd                             0x080048c5   Thumb Code     0  daddsub_clz.o(x$fpl$dadd)
    _dadd                                    0x080048c5   Thumb Code   332  daddsub_clz.o(x$fpl$dadd)
    __fpl_dcheck_NaN1                        0x08004a15   Thumb Code    10  dcheck1.o(x$fpl$dcheck1)
    __fpl_dcmp_Inf                           0x08004a25   Thumb Code    24  dcmpi.o(x$fpl$dcmpinf)
    __aeabi_ddiv                             0x08004a3d   Thumb Code     0  ddiv.o(x$fpl$ddiv)
    _ddiv                                    0x08004a3d   Thumb Code   552  ddiv.o(x$fpl$ddiv)
    __aeabi_cdcmpeq                          0x08004ced   Thumb Code     0  deqf.o(x$fpl$deqf)
    _dcmpeq                                  0x08004ced   Thumb Code   120  deqf.o(x$fpl$deqf)
    __aeabi_dmul                             0x08004d65   Thumb Code     0  dmul.o(x$fpl$dmul)
    _dmul                                    0x08004d65   Thumb Code   332  dmul.o(x$fpl$dmul)
    __fpl_dnaninf                            0x08004eb9   Thumb Code   156  dnaninf.o(x$fpl$dnaninf)
    __fpl_dretinf                            0x08004f55   Thumb Code    12  dretinf.o(x$fpl$dretinf)
    __aeabi_drsub                            0x08004f61   Thumb Code     0  daddsub_clz.o(x$fpl$drsb)
    _drsb                                    0x08004f61   Thumb Code    22  daddsub_clz.o(x$fpl$drsb)
    __aeabi_dsub                             0x08004f79   Thumb Code     0  daddsub_clz.o(x$fpl$dsub)
    _dsub                                    0x08004f79   Thumb Code   464  daddsub_clz.o(x$fpl$dsub)
    __aeabi_f2d                              0x0800514d   Thumb Code     0  f2d.o(x$fpl$f2d)
    _f2d                                     0x0800514d   Thumb Code    86  f2d.o(x$fpl$f2d)
    __aeabi_fadd                             0x080051a5   Thumb Code     0  faddsub_clz.o(x$fpl$fadd)
    _fadd                                    0x080051a5   Thumb Code   196  faddsub_clz.o(x$fpl$fadd)
    __fpl_fcheck_NaN1                        0x08005269   Thumb Code     6  fcheck1.o(x$fpl$fcheck1)
    __fpl_fcmp_Inf                           0x08005275   Thumb Code    24  fcmpi.o(x$fpl$fcmpinf)
    __aeabi_fdiv                             0x0800528d   Thumb Code     0  fdiv.o(x$fpl$fdiv)
    _fdiv                                    0x0800528d   Thumb Code   384  fdiv.o(x$fpl$fdiv)
    __aeabi_f2iz                             0x08005411   Thumb Code     0  ffix.o(x$fpl$ffix)
    _ffix                                    0x08005411   Thumb Code    54  ffix.o(x$fpl$ffix)
    __aeabi_i2f                              0x08005449   Thumb Code     0  fflt_clz.o(x$fpl$fflt)
    _fflt                                    0x08005449   Thumb Code    48  fflt_clz.o(x$fpl$fflt)
    __aeabi_ui2f                             0x08005479   Thumb Code     0  fflt_clz.o(x$fpl$ffltu)
    _ffltu                                   0x08005479   Thumb Code    38  fflt_clz.o(x$fpl$ffltu)
    __aeabi_cfcmple                          0x080054a1   Thumb Code     0  fleqf.o(x$fpl$fleqf)
    _fcmple                                  0x080054a1   Thumb Code   104  fleqf.o(x$fpl$fleqf)
    __fpl_fcmple_InfNaN                      0x080054f3   Thumb Code     0  fleqf.o(x$fpl$fleqf)
    __aeabi_fmul                             0x08005509   Thumb Code     0  fmul.o(x$fpl$fmul)
    _fmul                                    0x08005509   Thumb Code   258  fmul.o(x$fpl$fmul)
    __fpl_fnaninf                            0x0800560b   Thumb Code   140  fnaninf.o(x$fpl$fnaninf)
    __fpl_fretinf                            0x08005697   Thumb Code    10  fretinf.o(x$fpl$fretinf)
    __aeabi_cfrcmple                         0x080056a1   Thumb Code     0  frleqf.o(x$fpl$frleqf)
    _frcmple                                 0x080056a1   Thumb Code    98  frleqf.o(x$fpl$frleqf)
    __aeabi_frsub                            0x08005703   Thumb Code     0  faddsub_clz.o(x$fpl$frsb)
    _frsb                                    0x08005703   Thumb Code    20  faddsub_clz.o(x$fpl$frsb)
    __aeabi_fsub                             0x08005719   Thumb Code     0  faddsub_clz.o(x$fpl$fsub)
    _fsub                                    0x08005719   Thumb Code   234  faddsub_clz.o(x$fpl$fsub)
    _printf_fp_dec                           0x08005803   Thumb Code     4  printf1.o(x$fpl$printf1)
    _printf_fp_hex                           0x08005807   Thumb Code     4  printf2.o(x$fpl$printf2)
    __fpl_return_NaN                         0x0800580b   Thumb Code   100  retnan.o(x$fpl$retnan)
    __ARM_scalbn                             0x0800586f   Thumb Code    92  scalbn.o(x$fpl$scalbn)
    __ARM_scalbnf                            0x080058cb   Thumb Code    76  scalbnf.o(x$fpl$scalbnf)
    __fpl_cmpreturn                          0x08005917   Thumb Code    48  trapv.o(x$fpl$trapveneer)
    __I$use$fp                               0x08005946   Number         0  usenofp.o(x$fpl$usenofp)
    ascii_1206                               0x08005946   Data        1140  lcd.o(.constdata)
    ascii_1608                               0x08005dba   Data        1520  lcd.o(.constdata)
    ascii_2412                               0x080063aa   Data        4560  lcd.o(.constdata)
    ascii_3216                               0x0800757a   Data        6080  lcd.o(.constdata)
    tfont12                                  0x08008d3a   Data         130  lcd.o(.constdata)
    tfont16                                  0x08008dbc   Data          34  lcd.o(.constdata)
    tfont24                                  0x08008dde   Data          74  lcd.o(.constdata)
    tfont32                                  0x08008e28   Data        1300  lcd.o(.constdata)
    __mathlib_zero                           0x08009418   Data           8  qnan.o(.constdata)
    Region$$Table$$Base                      0x080094dc   Number         0  anon$$obj.o(Region$$Table)
    Region$$Table$$Limit                     0x080094fc   Number         0  anon$$obj.o(Region$$Table)
    __ctype                                  0x08009525   Data           0  lc_ctype_c.o(locale$$data)
    Protect                                  0x20000000   Data           1  control.o(.data)
    Balance_PID_Result                       0x20000002   Data           2  control.o(.data)
    Velocity_PID_Result                      0x20000004   Data           2  control.o(.data)
    Turn_PID_Result                          0x20000006   Data           2  control.o(.data)
    Velocity                                 0x20000008   Data           4  control.o(.data)
    LandR_Motor_Bias                         0x2000000c   Data           4  control.o(.data)
    TIM3_Tick                                0x20000010   Data           4  control.o(.data)
    twoKp                                    0x20000014   Data           4  mahony.o(.data)
    twoKi                                    0x20000018   Data           4  mahony.o(.data)
    q0                                       0x2000001c   Data           4  mahony.o(.data)
    q1                                       0x20000020   Data           4  mahony.o(.data)
    q2                                       0x20000024   Data           4  mahony.o(.data)
    q3                                       0x20000028   Data           4  mahony.o(.data)
    integralFBx                              0x2000002c   Data           4  mahony.o(.data)
    integralFBy                              0x20000030   Data           4  mahony.o(.data)
    integralFBz                              0x20000034   Data           4  mahony.o(.data)
    aacx                                     0x20000046   Data           2  imu.o(.data)
    aacy                                     0x20000048   Data           2  imu.o(.data)
    aacz                                     0x2000004a   Data           2  imu.o(.data)
    gyrox                                    0x2000004c   Data           2  imu.o(.data)
    gyroy                                    0x2000004e   Data           2  imu.o(.data)
    gyroz                                    0x20000050   Data           2  imu.o(.data)
    IMU_Temperature                          0x20000054   Data           4  imu.o(.data)
    USART_RX_STA                             0x2000006a   Data           2  usart.o(.data)
    SystemCoreClock                          0x2000006c   Data           4  system_stm32f10x.o(.data)
    AHBPrescTable                            0x20000070   Data          16  system_stm32f10x.o(.data)
    Balance_PID                              0x20000094   Data          56  control.o(.bss)
    Velocity_PID                             0x200000cc   Data          56  control.o(.bss)
    Turn_PID                                 0x20000104   Data          56  control.o(.bss)
    IMU_FIFO                                 0x20000158   Data         120  imu.o(.bss)
    imu                                      0x200001d0   Data          36  imu.o(.bss)
    USART_RX_BUF                             0x20000208   Data         200  usart.o(.bss)
    __libspace_start                         0x200002d0   Data          96  libspace.o(.bss)
    __temporary_stack_top$libspace           0x20000330   Data           0  libspace.o(.bss)



==============================================================================

Memory Map of the image

  Image Entry point : 0x08000279

  Load Region LR_1 (Base: 0x08000000, Size: 0x000096bc, Max: 0xffffffff, ABSOLUTE)

    Execution Region ER_RO (Exec base: 0x08000000, Load base: 0x08000000, Size: 0x00009628, Max: 0xffffffff, ABSOLUTE)

    Exec Addr    Load Addr    Size         Type   Attr      Idx    E Section Name        Object

    0x08000000   0x08000000   0x00000130   Data   RO         1548    RESET               startup_stm32f10x_hd.o
    0x08000130   0x08000130   0x00000008   Code   RO         4617  * !!!main             c_w.l(__main.o)
    0x08000138   0x08000138   0x00000034   Code   RO         5050    !!!scatter          c_w.l(__scatter.o)
    0x0800016c   0x0800016c   0x0000001a   Code   RO         5052    !!handler_copy      c_w.l(__scatter_copy.o)
    0x08000186   0x08000186   0x00000002   PAD
    0x08000188   0x08000188   0x0000001c   Code   RO         5054    !!handler_zi        c_w.l(__scatter_zi.o)
    0x080001a4   0x080001a4   0x00000000   Code   RO         4608    .ARM.Collect$$_printf_percent$$00000000  c_w.l(_printf_percent.o)
    0x080001a4   0x080001a4   0x00000006   Code   RO         4729    .ARM.Collect$$_printf_percent$$00000001  c_w.l(_printf_n.o)
    0x080001aa   0x080001aa   0x00000006   Code   RO         4730    .ARM.Collect$$_printf_percent$$00000002  c_w.l(_printf_p.o)
    0x080001b0   0x080001b0   0x00000006   Code   RO         4734    .ARM.Collect$$_printf_percent$$00000003  c_w.l(_printf_f.o)
    0x080001b6   0x080001b6   0x00000006   Code   RO         4735    .ARM.Collect$$_printf_percent$$00000004  c_w.l(_printf_e.o)
    0x080001bc   0x080001bc   0x00000006   Code   RO         4736    .ARM.Collect$$_printf_percent$$00000005  c_w.l(_printf_g.o)
    0x080001c2   0x080001c2   0x00000006   Code   RO         4737    .ARM.Collect$$_printf_percent$$00000006  c_w.l(_printf_a.o)
    0x080001c8   0x080001c8   0x0000000a   Code   RO         4742    .ARM.Collect$$_printf_percent$$00000007  c_w.l(_printf_ll.o)
    0x080001d2   0x080001d2   0x00000006   Code   RO         4732    .ARM.Collect$$_printf_percent$$00000008  c_w.l(_printf_i.o)
    0x080001d8   0x080001d8   0x00000006   Code   RO         4607    .ARM.Collect$$_printf_percent$$00000009  c_w.l(_printf_d.o)
    0x080001de   0x080001de   0x00000006   Code   RO         4733    .ARM.Collect$$_printf_percent$$0000000A  c_w.l(_printf_u.o)
    0x080001e4   0x080001e4   0x00000006   Code   RO         4731    .ARM.Collect$$_printf_percent$$0000000B  c_w.l(_printf_o.o)
    0x080001ea   0x080001ea   0x00000006   Code   RO         4606    .ARM.Collect$$_printf_percent$$0000000C  c_w.l(_printf_x.o)
    0x080001f0   0x080001f0   0x00000006   Code   RO         4739    .ARM.Collect$$_printf_percent$$0000000D  c_w.l(_printf_lli.o)
    0x080001f6   0x080001f6   0x00000006   Code   RO         4740    .ARM.Collect$$_printf_percent$$0000000E  c_w.l(_printf_lld.o)
    0x080001fc   0x080001fc   0x00000006   Code   RO         4741    .ARM.Collect$$_printf_percent$$0000000F  c_w.l(_printf_llu.o)
    0x08000202   0x08000202   0x00000006   Code   RO         4746    .ARM.Collect$$_printf_percent$$00000010  c_w.l(_printf_llo.o)
    0x08000208   0x08000208   0x00000006   Code   RO         4747    .ARM.Collect$$_printf_percent$$00000011  c_w.l(_printf_llx.o)
    0x0800020e   0x0800020e   0x0000000a   Code   RO         4743    .ARM.Collect$$_printf_percent$$00000012  c_w.l(_printf_l.o)
    0x08000218   0x08000218   0x00000006   Code   RO         4727    .ARM.Collect$$_printf_percent$$00000013  c_w.l(_printf_c.o)
    0x0800021e   0x0800021e   0x00000006   Code   RO         4728    .ARM.Collect$$_printf_percent$$00000014  c_w.l(_printf_s.o)
    0x08000224   0x08000224   0x00000006   Code   RO         4744    .ARM.Collect$$_printf_percent$$00000015  c_w.l(_printf_lc.o)
    0x0800022a   0x0800022a   0x00000006   Code   RO         4745    .ARM.Collect$$_printf_percent$$00000016  c_w.l(_printf_ls.o)
    0x08000230   0x08000230   0x00000004   Code   RO         4738    .ARM.Collect$$_printf_percent$$00000017  c_w.l(_printf_percent_end.o)
    0x08000234   0x08000234   0x00000002   Code   RO         4912    .ARM.Collect$$libinit$$00000000  c_w.l(libinit.o)
    0x08000236   0x08000236   0x00000000   Code   RO         4929    .ARM.Collect$$libinit$$00000002  c_w.l(libinit2.o)
    0x08000236   0x08000236   0x00000000   Code   RO         4931    .ARM.Collect$$libinit$$00000004  c_w.l(libinit2.o)
    0x08000236   0x08000236   0x00000000   Code   RO         4934    .ARM.Collect$$libinit$$0000000A  c_w.l(libinit2.o)
    0x08000236   0x08000236   0x00000000   Code   RO         4936    .ARM.Collect$$libinit$$0000000C  c_w.l(libinit2.o)
    0x08000236   0x08000236   0x00000000   Code   RO         4938    .ARM.Collect$$libinit$$0000000E  c_w.l(libinit2.o)
    0x08000236   0x08000236   0x00000006   Code   RO         4939    .ARM.Collect$$libinit$$0000000F  c_w.l(libinit2.o)
    0x0800023c   0x0800023c   0x00000000   Code   RO         4941    .ARM.Collect$$libinit$$00000011  c_w.l(libinit2.o)
    0x0800023c   0x0800023c   0x0000000c   Code   RO         4942    .ARM.Collect$$libinit$$00000012  c_w.l(libinit2.o)
    0x08000248   0x08000248   0x00000000   Code   RO         4943    .ARM.Collect$$libinit$$00000013  c_w.l(libinit2.o)
    0x08000248   0x08000248   0x00000000   Code   RO         4945    .ARM.Collect$$libinit$$00000015  c_w.l(libinit2.o)
    0x08000248   0x08000248   0x0000000a   Code   RO         4946    .ARM.Collect$$libinit$$00000016  c_w.l(libinit2.o)
    0x08000252   0x08000252   0x00000000   Code   RO         4947    .ARM.Collect$$libinit$$00000017  c_w.l(libinit2.o)
    0x08000252   0x08000252   0x00000000   Code   RO         4949    .ARM.Collect$$libinit$$00000019  c_w.l(libinit2.o)
    0x08000252   0x08000252   0x00000000   Code   RO         4951    .ARM.Collect$$libinit$$0000001B  c_w.l(libinit2.o)
    0x08000252   0x08000252   0x00000000   Code   RO         4953    .ARM.Collect$$libinit$$0000001D  c_w.l(libinit2.o)
    0x08000252   0x08000252   0x00000000   Code   RO         4955    .ARM.Collect$$libinit$$0000001F  c_w.l(libinit2.o)
    0x08000252   0x08000252   0x00000000   Code   RO         4957    .ARM.Collect$$libinit$$00000021  c_w.l(libinit2.o)
    0x08000252   0x08000252   0x00000000   Code   RO         4959    .ARM.Collect$$libinit$$00000023  c_w.l(libinit2.o)
    0x08000252   0x08000252   0x00000000   Code   RO         4961    .ARM.Collect$$libinit$$00000025  c_w.l(libinit2.o)
    0x08000252   0x08000252   0x00000000   Code   RO         4965    .ARM.Collect$$libinit$$0000002C  c_w.l(libinit2.o)
    0x08000252   0x08000252   0x00000000   Code   RO         4967    .ARM.Collect$$libinit$$0000002E  c_w.l(libinit2.o)
    0x08000252   0x08000252   0x00000000   Code   RO         4969    .ARM.Collect$$libinit$$00000030  c_w.l(libinit2.o)
    0x08000252   0x08000252   0x00000000   Code   RO         4971    .ARM.Collect$$libinit$$00000032  c_w.l(libinit2.o)
    0x08000252   0x08000252   0x00000002   Code   RO         4972    .ARM.Collect$$libinit$$00000033  c_w.l(libinit2.o)
    0x08000254   0x08000254   0x00000002   Code   RO         5000    .ARM.Collect$$libshutdown$$00000000  c_w.l(libshutdown.o)
    0x08000256   0x08000256   0x00000000   Code   RO         5014    .ARM.Collect$$libshutdown$$00000002  c_w.l(libshutdown2.o)
    0x08000256   0x08000256   0x00000000   Code   RO         5016    .ARM.Collect$$libshutdown$$00000004  c_w.l(libshutdown2.o)
    0x08000256   0x08000256   0x00000000   Code   RO         5018    .ARM.Collect$$libshutdown$$00000006  c_w.l(libshutdown2.o)
    0x08000256   0x08000256   0x00000000   Code   RO         5021    .ARM.Collect$$libshutdown$$00000009  c_w.l(libshutdown2.o)
    0x08000256   0x08000256   0x00000000   Code   RO         5024    .ARM.Collect$$libshutdown$$0000000C  c_w.l(libshutdown2.o)
    0x08000256   0x08000256   0x00000000   Code   RO         5026    .ARM.Collect$$libshutdown$$0000000E  c_w.l(libshutdown2.o)
    0x08000256   0x08000256   0x00000000   Code   RO         5029    .ARM.Collect$$libshutdown$$00000011  c_w.l(libshutdown2.o)
    0x08000256   0x08000256   0x00000002   Code   RO         5030    .ARM.Collect$$libshutdown$$00000012  c_w.l(libshutdown2.o)
    0x08000258   0x08000258   0x00000000   Code   RO         4697    .ARM.Collect$$rtentry$$00000000  c_w.l(__rtentry.o)
    0x08000258   0x08000258   0x00000000   Code   RO         4809    .ARM.Collect$$rtentry$$00000002  c_w.l(__rtentry2.o)
    0x08000258   0x08000258   0x00000006   Code   RO         4821    .ARM.Collect$$rtentry$$00000004  c_w.l(__rtentry4.o)
    0x0800025e   0x0800025e   0x00000000   Code   RO         4811    .ARM.Collect$$rtentry$$00000009  c_w.l(__rtentry2.o)
    0x0800025e   0x0800025e   0x00000004   Code   RO         4812    .ARM.Collect$$rtentry$$0000000A  c_w.l(__rtentry2.o)
    0x08000262   0x08000262   0x00000000   Code   RO         4814    .ARM.Collect$$rtentry$$0000000C  c_w.l(__rtentry2.o)
    0x08000262   0x08000262   0x00000008   Code   RO         4815    .ARM.Collect$$rtentry$$0000000D  c_w.l(__rtentry2.o)
    0x0800026a   0x0800026a   0x00000002   Code   RO         4917    .ARM.Collect$$rtexit$$00000000  c_w.l(rtexit.o)
    0x0800026c   0x0800026c   0x00000000   Code   RO         4974    .ARM.Collect$$rtexit$$00000002  c_w.l(rtexit2.o)
    0x0800026c   0x0800026c   0x00000004   Code   RO         4975    .ARM.Collect$$rtexit$$00000003  c_w.l(rtexit2.o)
    0x08000270   0x08000270   0x00000006   Code   RO         4976    .ARM.Collect$$rtexit$$00000004  c_w.l(rtexit2.o)
    0x08000276   0x08000276   0x00000002   PAD
    0x08000278   0x08000278   0x00000040   Code   RO         1549  * .text               startup_stm32f10x_hd.o
    0x080002b8   0x080002b8   0x00000002   Code   RO         4549    .text               c_w.l(use_no_semi_2.o)
    0x080002ba   0x080002ba   0x00000002   PAD
    0x080002bc   0x080002bc   0x00000024   Code   RO         4553    .text               c_w.l(vsprintf.o)
    0x080002e0   0x080002e0   0x0000004e   Code   RO         4561    .text               c_w.l(_printf_pad.o)
    0x0800032e   0x0800032e   0x00000002   PAD
    0x08000330   0x08000330   0x00000078   Code   RO         4563    .text               c_w.l(_printf_dec.o)
    0x080003a8   0x080003a8   0x00000094   Code   RO         4583    .text               c_w.l(_printf_hex_int_ll_ptr.o)
    0x0800043c   0x0800043c   0x00000188   Code   RO         4603    .text               c_w.l(__printf_flags_ss_wp.o)
    0x080005c4   0x080005c4   0x0000004e   Code   RO         4613    .text               c_w.l(rt_memclr_w.o)
    0x08000612   0x08000612   0x00000006   Code   RO         4615    .text               c_w.l(heapauxi.o)
    0x08000618   0x08000618   0x00000002   Code   RO         4695    .text               c_w.l(use_no_semi.o)
    0x0800061a   0x0800061a   0x00000016   Code   RO         4700    .text               c_w.l(_rserrno.o)
    0x08000630   0x08000630   0x00000024   Code   RO         4702    .text               c_w.l(_printf_truncate.o)
    0x08000654   0x08000654   0x00000052   Code   RO         4704    .text               c_w.l(_printf_str.o)
    0x080006a6   0x080006a6   0x000000b2   Code   RO         4706    .text               c_w.l(_printf_intcommon.o)
    0x08000758   0x08000758   0x00000028   Code   RO         4708    .text               c_w.l(_printf_charcount.o)
    0x08000780   0x08000780   0x00000030   Code   RO         4710    .text               c_w.l(_printf_char_common.o)
    0x080007b0   0x080007b0   0x0000000a   Code   RO         4712    .text               c_w.l(_sputc.o)
    0x080007ba   0x080007ba   0x00000002   PAD
    0x080007bc   0x080007bc   0x000000bc   Code   RO         4716    .text               c_w.l(_printf_wctomb.o)
    0x08000878   0x08000878   0x0000007c   Code   RO         4719    .text               c_w.l(_printf_longlong_dec.o)
    0x080008f4   0x080008f4   0x00000070   Code   RO         4725    .text               c_w.l(_printf_oct_int_ll.o)
    0x08000964   0x08000964   0x00000008   Code   RO         4830    .text               c_w.l(rt_errno_addr_intlibspace.o)
    0x0800096c   0x0800096c   0x0000008a   Code   RO         4832    .text               c_w.l(lludiv10.o)
    0x080009f6   0x080009f6   0x0000041e   Code   RO         4834    .text               c_w.l(_printf_fp_dec.o)
    0x08000e14   0x08000e14   0x000002fc   Code   RO         4836    .text               c_w.l(_printf_fp_hex.o)
    0x08001110   0x08001110   0x0000002c   Code   RO         4841    .text               c_w.l(_printf_char.o)
    0x0800113c   0x0800113c   0x0000002c   Code   RO         4843    .text               c_w.l(_printf_wchar.o)
    0x08001168   0x08001168   0x00000040   Code   RO         4849    .text               c_w.l(_wcrtomb.o)
    0x080011a8   0x080011a8   0x00000008   Code   RO         4861    .text               c_w.l(libspace.o)
    0x080011b0   0x080011b0   0x0000004a   Code   RO         4864    .text               c_w.l(sys_stackheap_outer.o)
    0x080011fa   0x080011fa   0x00000002   PAD
    0x080011fc   0x080011fc   0x00000010   Code   RO         4866    .text               c_w.l(rt_ctype_table.o)
    0x0800120c   0x0800120c   0x00000008   Code   RO         4873    .text               c_w.l(rt_locale_intlibspace.o)
    0x08001214   0x08001214   0x00000080   Code   RO         4875    .text               c_w.l(_printf_fp_infnan.o)
    0x08001294   0x08001294   0x000000e4   Code   RO         4877    .text               c_w.l(bigflt0.o)
    0x08001378   0x08001378   0x00000012   Code   RO         4905    .text               c_w.l(exit.o)
    0x0800138a   0x0800138a   0x00000002   PAD
    0x0800138c   0x0800138c   0x00000080   Code   RO         4926    .text               c_w.l(strcmpv7m.o)
    0x0800140c   0x0800140c   0x0000003e   Code   RO         4880    CL$$btod_d2e        c_w.l(btod.o)
    0x0800144a   0x0800144a   0x00000046   Code   RO         4882    CL$$btod_d2e_denorm_low  c_w.l(btod.o)
    0x08001490   0x08001490   0x00000060   Code   RO         4881    CL$$btod_d2e_norm_op1  c_w.l(btod.o)
    0x080014f0   0x080014f0   0x00000338   Code   RO         4890    CL$$btod_div_common  c_w.l(btod.o)
    0x08001828   0x08001828   0x000000dc   Code   RO         4887    CL$$btod_e2e        c_w.l(btod.o)
    0x08001904   0x08001904   0x0000002a   Code   RO         4884    CL$$btod_ediv       c_w.l(btod.o)
    0x0800192e   0x0800192e   0x0000002a   Code   RO         4883    CL$$btod_emul       c_w.l(btod.o)
    0x08001958   0x08001958   0x00000244   Code   RO         4889    CL$$btod_mult_common  c_w.l(btod.o)
    0x08001b9c   0x08001b9c   0x000000e0   Code   RO          416    i.All_HardWare_init  all_init.o
    0x08001c7c   0x08001c7c   0x0000002e   Code   RO          417    i.All_RCC_clock_init  all_init.o
    0x08001caa   0x08001caa   0x00000076   Code   RO          212    i.Balance_Car_Velocity_ONLY_Position_PID_Cal  pid.o
    0x08001d20   0x08001d20   0x00000074   Code   RO          162    i.Balance_Control   control.o
    0x08001d94   0x08001d94   0x00000002   Code   RO         1553    i.BusFault_Handler  stm32f10x_it.o
    0x08001d96   0x08001d96   0x00000002   Code   RO         1554    i.DebugMon_Handler  stm32f10x_it.o
    0x08001d98   0x08001d98   0x0000008c   Code   RO          476    i.Encoder_Init_TIM2  encoder.o
    0x08001e24   0x08001e24   0x0000008c   Code   RO          477    i.Encoder_Init_TIM4  encoder.o
    0x08001eb0   0x08001eb0   0x000000a6   Code   RO         1718    i.GPIO_Init         stm32f10x_gpio.o
    0x08001f56   0x08001f56   0x00000004   Code   RO         1725    i.GPIO_ResetBits    stm32f10x_gpio.o
    0x08001f5a   0x08001f5a   0x00000004   Code   RO         1726    i.GPIO_SetBits      stm32f10x_gpio.o
    0x08001f5e   0x08001f5e   0x00000002   PAD
    0x08001f60   0x08001f60   0x0000004c   Code   RO          344    i.Get_IMU_Values    imu.o
    0x08001fac   0x08001fac   0x0000003c   Code   RO          163    i.Get_now_Velocity  control.o
    0x08001fe8   0x08001fe8   0x00000002   Code   RO         1555    i.HardFault_Handler  stm32f10x_it.o
    0x08001fea   0x08001fea   0x00000002   PAD
    0x08001fec   0x08001fec   0x00000028   Code   RO          678    i.IIC_Ack           i2c.o
    0x08002014   0x08002014   0x00000034   Code   RO          679    i.IIC_Init          i2c.o
    0x08002048   0x08002048   0x00000028   Code   RO          680    i.IIC_NAck          i2c.o
    0x08002070   0x08002070   0x0000005c   Code   RO          681    i.IIC_Read_Byte     i2c.o
    0x080020cc   0x080020cc   0x0000004c   Code   RO          682    i.IIC_Send_Byte     i2c.o
    0x08002118   0x08002118   0x00000028   Code   RO          683    i.IIC_Start         i2c.o
    0x08002140   0x08002140   0x00000028   Code   RO          684    i.IIC_Stop          i2c.o
    0x08002168   0x08002168   0x00000044   Code   RO          685    i.IIC_Wait_Ack      i2c.o
    0x080021ac   0x080021ac   0x0000001c   Code   RO          345    i.IMU_GetAvg        imu.o
    0x080021c8   0x080021c8   0x00000070   Code   RO          347    i.IMU_Init          imu.o
    0x08002238   0x08002238   0x00000094   Code   RO          348    i.IMU_Init_Offset   imu.o
    0x080022cc   0x080022cc   0x00000010   Code   RO          349    i.IMU_NewVal        imu.o
    0x080022dc   0x080022dc   0x0000012c   Code   RO          350    i.IMU_Update        imu.o
    0x08002408   0x08002408   0x00000108   Code   RO          351    i.IMU_readGyro_Acc  imu.o
    0x08002510   0x08002510   0x00000028   Code   RO         1462    i.JTAG_Set          sys.o
    0x08002538   0x08002538   0x0000003a   Code   RO          504    i.LCD_Address_Set   lcd.o
    0x08002572   0x08002572   0x00000016   Code   RO          506    i.LCD_DrawPoint     lcd.o
    0x08002588   0x08002588   0x00000040   Code   RO          508    i.LCD_Fill          lcd.o
    0x080025c8   0x080025c8   0x000001ec   Code   RO          509    i.LCD_Init          lcd.o
    0x080027b4   0x080027b4   0x0000011c   Code   RO          510    i.LCD_ShowChar      lcd.o
    0x080028d0   0x080028d0   0x00000086   Code   RO          511    i.LCD_ShowChinese   lcd.o
    0x08002956   0x08002956   0x00000002   PAD
    0x08002958   0x08002958   0x00000104   Code   RO          512    i.LCD_ShowChinese12x12  lcd.o
    0x08002a5c   0x08002a5c   0x00000100   Code   RO          513    i.LCD_ShowChinese16x16  lcd.o
    0x08002b5c   0x08002b5c   0x00000104   Code   RO          514    i.LCD_ShowChinese24x24  lcd.o
    0x08002c60   0x08002c60   0x00000100   Code   RO          515    i.LCD_ShowChinese32x32  lcd.o
    0x08002d60   0x08002d60   0x00000036   Code   RO          519    i.LCD_ShowString    lcd.o
    0x08002d96   0x08002d96   0x00000014   Code   RO          520    i.LCD_WR_DATA       lcd.o
    0x08002daa   0x08002daa   0x00000004   Code   RO          521    i.LCD_WR_DATA8      lcd.o
    0x08002dae   0x08002dae   0x00000002   PAD
    0x08002db0   0x08002db0   0x00000024   Code   RO          522    i.LCD_WR_REG        lcd.o
    0x08002dd4   0x08002dd4   0x00000050   Code   RO          523    i.LCD_Writ_Bus      lcd.o
    0x08002e24   0x08002e24   0x00000040   Code   RO          524    i.LCD_printf        lcd.o
    0x08002e64   0x08002e64   0x0000002c   Code   RO          525    i.LCD_show_Brief_info  lcd.o
    0x08002e90   0x08002e90   0x00000030   Code   RO          434    i.LED_Init          led.o
    0x08002ec0   0x08002ec0   0x00000024   Code   RO          164    i.LED_show_working  control.o
    0x08002ee4   0x08002ee4   0x00000040   Code   RO          744    i.MPU_Get_Accelerometer  icm20602ormpu6050.o
    0x08002f24   0x08002f24   0x00000040   Code   RO          745    i.MPU_Get_Gyroscope  icm20602ormpu6050.o
    0x08002f64   0x08002f64   0x0000007c   Code   RO          746    i.MPU_Get_Temperature  icm20602ormpu6050.o
    0x08002fe0   0x08002fe0   0x0000007c   Code   RO          747    i.MPU_Init          icm20602ormpu6050.o
    0x0800305c   0x0800305c   0x0000003a   Code   RO          748    i.MPU_Read_Byte     icm20602ormpu6050.o
    0x08003096   0x08003096   0x00000070   Code   RO          749    i.MPU_Read_Len      icm20602ormpu6050.o
    0x08003106   0x08003106   0x0000000a   Code   RO          750    i.MPU_Set_Accel_Fsr  icm20602ormpu6050.o
    0x08003110   0x08003110   0x0000000a   Code   RO          751    i.MPU_Set_Gyro_Fsr  icm20602ormpu6050.o
    0x0800311a   0x0800311a   0x00000030   Code   RO          752    i.MPU_Set_LPF       icm20602ormpu6050.o
    0x0800314a   0x0800314a   0x0000002c   Code   RO          753    i.MPU_Set_Rate      icm20602ormpu6050.o
    0x08003176   0x08003176   0x00000044   Code   RO          754    i.MPU_Write_Byte    icm20602ormpu6050.o
    0x080031ba   0x080031ba   0x00000002   PAD
    0x080031bc   0x080031bc   0x000002f0   Code   RO          321    i.MahonyAHRSupdateIMU  mahony.o
    0x080034ac   0x080034ac   0x00000002   Code   RO         1556    i.MemManage_Handler  stm32f10x_it.o
    0x080034ae   0x080034ae   0x00000014   Code   RO          446    i.MotorDriver_Init  motor.o
    0x080034c2   0x080034c2   0x00000002   PAD
    0x080034c4   0x080034c4   0x00000028   Code   RO          447    i.Motor_Dir_Init    motor.o
    0x080034ec   0x080034ec   0x00000002   Code   RO         1557    i.NMI_Handler       stm32f10x_it.o
    0x080034ee   0x080034ee   0x00000002   PAD
    0x080034f0   0x080034f0   0x00000064   Code   RO         1676    i.NVIC_Init         misc.o
    0x08003554   0x08003554   0x0000003c   Code   RO          215    i.PID_Init          pid.o
    0x08003590   0x08003590   0x00000026   Code   RO          216    i.PID_Integral_limit  pid.o
    0x080035b6   0x080035b6   0x00000026   Code   RO          217    i.PID_Output_limit  pid.o
    0x080035dc   0x080035dc   0x00000064   Code   RO          165    i.PID_init          control.o
    0x08003640   0x08003640   0x00000002   Code   RO         1558    i.PendSV_Handler    stm32f10x_it.o
    0x08003642   0x08003642   0x00000068   Code   RO          221    i.Position_PID_Cal  pid.o
    0x080036aa   0x080036aa   0x00000002   PAD
    0x080036ac   0x080036ac   0x00000038   Code   RO          166    i.Protect_Check     control.o
    0x080036e4   0x080036e4   0x0000001c   Code   RO         1852    i.RCC_APB1PeriphClockCmd  stm32f10x_rcc.o
    0x08003700   0x08003700   0x0000001c   Code   RO         1854    i.RCC_APB2PeriphClockCmd  stm32f10x_rcc.o
    0x0800371c   0x0800371c   0x000000ac   Code   RO         1862    i.RCC_GetClocksFreq  stm32f10x_rcc.o
    0x080037c8   0x080037c8   0x00000024   Code   RO          686    i.SDA_IN            i2c.o
    0x080037ec   0x080037ec   0x00000024   Code   RO          687    i.SDA_OUT           i2c.o
    0x08003810   0x08003810   0x00000002   Code   RO         1559    i.SVC_Handler       stm32f10x_it.o
    0x08003812   0x08003812   0x00000004   Code   RO         1642    i.SetSysClock       system_stm32f10x.o
    0x08003816   0x08003816   0x00000002   PAD
    0x08003818   0x08003818   0x000000b0   Code   RO         1643    i.SetSysClockTo72   system_stm32f10x.o
    0x080038c8   0x080038c8   0x00000050   Code   RO          448    i.Set_Motor_Speed   motor.o
    0x08003918   0x08003918   0x0000001c   Code   RO         1680    i.SysTick_CLKSourceConfig  misc.o
    0x08003934   0x08003934   0x00000002   Code   RO         1560    i.SysTick_Handler   stm32f10x_it.o
    0x08003936   0x08003936   0x00000002   PAD
    0x08003938   0x08003938   0x00000050   Code   RO         1645    i.SystemInit        system_stm32f10x.o
    0x08003988   0x08003988   0x00000074   Code   RO         3999    i.TI1_Config        stm32f10x_tim.o
    0x080039fc   0x080039fc   0x0000007c   Code   RO         4000    i.TI2_Config        stm32f10x_tim.o
    0x08003a78   0x08003a78   0x00000078   Code   RO         4001    i.TI3_Config        stm32f10x_tim.o
    0x08003af0   0x08003af0   0x0000007c   Code   RO         4002    i.TI4_Config        stm32f10x_tim.o
    0x08003b6c   0x08003b6c   0x00000098   Code   RO          449    i.TIM1_Motor_PWM_Init  motor.o
    0x08003c04   0x08003c04   0x00000048   Code   RO          167    i.TIM3_IRQHandler   control.o
    0x08003c4c   0x08003c4c   0x00000054   Code   RO          666    i.TIM3_Int_Init     timer.o
    0x08003ca0   0x08003ca0   0x00000018   Code   RO         4003    i.TIM_ARRPreloadConfig  stm32f10x_tim.o
    0x08003cb8   0x08003cb8   0x00000006   Code   RO         4009    i.TIM_ClearFlag     stm32f10x_tim.o
    0x08003cbe   0x08003cbe   0x00000006   Code   RO         4010    i.TIM_ClearITPendingBit  stm32f10x_tim.o
    0x08003cc4   0x08003cc4   0x00000018   Code   RO         4015    i.TIM_Cmd           stm32f10x_tim.o
    0x08003cdc   0x08003cdc   0x0000001c   Code   RO         4017    i.TIM_CtrlPWMOutputs  stm32f10x_tim.o
    0x08003cf8   0x08003cf8   0x00000032   Code   RO         4024    i.TIM_EncoderInterfaceConfig  stm32f10x_tim.o
    0x08003d2a   0x08003d2a   0x00000018   Code   RO         4036    i.TIM_GetITStatus   stm32f10x_tim.o
    0x08003d42   0x08003d42   0x00000002   PAD
    0x08003d44   0x08003d44   0x0000008c   Code   RO         4038    i.TIM_ICInit        stm32f10x_tim.o
    0x08003dd0   0x08003dd0   0x00000010   Code   RO         4039    i.TIM_ICStructInit  stm32f10x_tim.o
    0x08003de0   0x08003de0   0x00000014   Code   RO         4040    i.TIM_ITConfig      stm32f10x_tim.o
    0x08003df4   0x08003df4   0x00000088   Code   RO         4044    i.TIM_OC1Init       stm32f10x_tim.o
    0x08003e7c   0x08003e7c   0x0000000c   Code   RO         4047    i.TIM_OC1PreloadConfig  stm32f10x_tim.o
    0x08003e88   0x08003e88   0x00000068   Code   RO         4059    i.TIM_OC4Init       stm32f10x_tim.o
    0x08003ef0   0x08003ef0   0x00000014   Code   RO         4061    i.TIM_OC4PreloadConfig  stm32f10x_tim.o
    0x08003f04   0x08003f04   0x00000004   Code   RO         4080    i.TIM_SetCounter    stm32f10x_tim.o
    0x08003f08   0x08003f08   0x00000010   Code   RO         4081    i.TIM_SetIC1Prescaler  stm32f10x_tim.o
    0x08003f18   0x08003f18   0x00000018   Code   RO         4082    i.TIM_SetIC2Prescaler  stm32f10x_tim.o
    0x08003f30   0x08003f30   0x00000010   Code   RO         4083    i.TIM_SetIC3Prescaler  stm32f10x_tim.o
    0x08003f40   0x08003f40   0x00000018   Code   RO         4084    i.TIM_SetIC4Prescaler  stm32f10x_tim.o
    0x08003f58   0x08003f58   0x0000009c   Code   RO         4086    i.TIM_TimeBaseInit  stm32f10x_tim.o
    0x08003ff4   0x08003ff4   0x00000012   Code   RO         4087    i.TIM_TimeBaseStructInit  stm32f10x_tim.o
    0x08004006   0x08004006   0x00000002   PAD
    0x08004008   0x08004008   0x00000068   Code   RO         1494    i.USART1_IRQHandler  usart.o
    0x08004070   0x08004070   0x00000018   Code   RO         2054    i.USART_Cmd         stm32f10x_usart.o
    0x08004088   0x08004088   0x00000040   Code   RO         2058    i.USART_GetITStatus  stm32f10x_usart.o
    0x080040c8   0x080040c8   0x00000036   Code   RO         2060    i.USART_ITConfig    stm32f10x_usart.o
    0x080040fe   0x080040fe   0x00000002   PAD
    0x08004100   0x08004100   0x000000bc   Code   RO         2061    i.USART_Init        stm32f10x_usart.o
    0x080041bc   0x080041bc   0x00000008   Code   RO         2068    i.USART_ReceiveData  stm32f10x_usart.o
    0x080041c4   0x080041c4   0x00000002   Code   RO         1561    i.UsageFault_Handler  stm32f10x_it.o
    0x080041c6   0x080041c6   0x00000028   Code   RO         4795    i.__ARM_fpclassify  m_ws.l(fpclassify.o)
    0x080041ee   0x080041ee   0x000000aa   Code   RO         4797    i.__kernel_poly     m_ws.l(poly.o)
    0x08004298   0x08004298   0x00000006   Code   RO         4782    i.__mathlib_dbl_infnan  m_ws.l(dunder.o)
    0x0800429e   0x0800429e   0x00000004   Code   RO         4783    i.__mathlib_dbl_infnan2  m_ws.l(dunder.o)
    0x080042a2   0x080042a2   0x00000002   PAD
    0x080042a4   0x080042a4   0x00000010   Code   RO         4787    i.__mathlib_dbl_underflow  m_ws.l(dunder.o)
    0x080042b4   0x080042b4   0x0000000e   Code   RO         4596    i._is_digit         c_w.l(__printf_wp.o)
    0x080042c2   0x080042c2   0x00000002   Code   RO         1495    i._sys_exit         usart.o
    0x080042c4   0x080042c4   0x00000220   Code   RO         4678    i.atan              m_ws.l(atan.o)
    0x080044e4   0x080044e4   0x0000019c   Code   RO         4688    i.atan2             m_ws.l(atan2.o)
    0x08004680   0x08004680   0x0000003c   Code   RO         1433    i.delay_init        delay.o
    0x080046bc   0x080046bc   0x00000034   Code   RO         1434    i.delay_ms          delay.o
    0x080046f0   0x080046f0   0x00000034   Code   RO         1435    i.delay_us          delay.o
    0x08004724   0x08004724   0x00000038   Code   RO          322    i.invSqrt           mahony.o
    0x0800475c   0x0800475c   0x00000012   Code   RO            1    i.main              main.o
    0x0800476e   0x0800476e   0x00000002   PAD
    0x08004770   0x08004770   0x00000098   Code   RO         1497    i.uart_init         usart.o
    0x08004808   0x08004808   0x0000002c   Code   RO         4903    locale$$code        c_w.l(lc_numeric_c.o)
    0x08004834   0x08004834   0x0000002c   Code   RO         4920    locale$$code        c_w.l(lc_ctype_c.o)
    0x08004860   0x08004860   0x00000062   Code   RO         4619    x$fpl$d2f           fz_ws.l(d2f.o)
    0x080048c2   0x080048c2   0x00000002   PAD
    0x080048c4   0x080048c4   0x00000150   Code   RO         4750    x$fpl$dadd          fz_ws.l(daddsub_clz.o)
    0x08004a14   0x08004a14   0x00000010   Code   RO         4851    x$fpl$dcheck1       fz_ws.l(dcheck1.o)
    0x08004a24   0x08004a24   0x00000018   Code   RO         4853    x$fpl$dcmpinf       fz_ws.l(dcmpi.o)
    0x08004a3c   0x08004a3c   0x000002b0   Code   RO         4622    x$fpl$ddiv          fz_ws.l(ddiv.o)
    0x08004cec   0x08004cec   0x00000078   Code   RO         4756    x$fpl$deqf          fz_ws.l(deqf.o)
    0x08004d64   0x08004d64   0x00000154   Code   RO         4631    x$fpl$dmul          fz_ws.l(dmul.o)
    0x08004eb8   0x08004eb8   0x0000009c   Code   RO         4758    x$fpl$dnaninf       fz_ws.l(dnaninf.o)
    0x08004f54   0x08004f54   0x0000000c   Code   RO         4760    x$fpl$dretinf       fz_ws.l(dretinf.o)
    0x08004f60   0x08004f60   0x00000016   Code   RO         4751    x$fpl$drsb          fz_ws.l(daddsub_clz.o)
    0x08004f76   0x08004f76   0x00000002   PAD
    0x08004f78   0x08004f78   0x000001d4   Code   RO         4752    x$fpl$dsub          fz_ws.l(daddsub_clz.o)
    0x0800514c   0x0800514c   0x00000056   Code   RO         4633    x$fpl$f2d           fz_ws.l(f2d.o)
    0x080051a2   0x080051a2   0x00000002   PAD
    0x080051a4   0x080051a4   0x000000c4   Code   RO         4635    x$fpl$fadd          fz_ws.l(faddsub_clz.o)
    0x08005268   0x08005268   0x0000000c   Code   RO         4762    x$fpl$fcheck1       fz_ws.l(fcheck1.o)
    0x08005274   0x08005274   0x00000018   Code   RO         4764    x$fpl$fcmpinf       fz_ws.l(fcmpi.o)
    0x0800528c   0x0800528c   0x00000184   Code   RO         4642    x$fpl$fdiv          fz_ws.l(fdiv.o)
    0x08005410   0x08005410   0x00000036   Code   RO         4645    x$fpl$ffix          fz_ws.l(ffix.o)
    0x08005446   0x08005446   0x00000002   PAD
    0x08005448   0x08005448   0x00000030   Code   RO         4654    x$fpl$fflt          fz_ws.l(fflt_clz.o)
    0x08005478   0x08005478   0x00000026   Code   RO         4653    x$fpl$ffltu         fz_ws.l(fflt_clz.o)
    0x0800549e   0x0800549e   0x00000002   PAD
    0x080054a0   0x080054a0   0x00000068   Code   RO         4659    x$fpl$fleqf         fz_ws.l(fleqf.o)
    0x08005508   0x08005508   0x00000102   Code   RO         4661    x$fpl$fmul          fz_ws.l(fmul.o)
    0x0800560a   0x0800560a   0x0000008c   Code   RO         4766    x$fpl$fnaninf       fz_ws.l(fnaninf.o)
    0x08005696   0x08005696   0x0000000a   Code   RO         4768    x$fpl$fretinf       fz_ws.l(fretinf.o)
    0x080056a0   0x080056a0   0x00000062   Code   RO         4663    x$fpl$frleqf        fz_ws.l(frleqf.o)
    0x08005702   0x08005702   0x00000014   Code   RO         4636    x$fpl$frsb          fz_ws.l(faddsub_clz.o)
    0x08005716   0x08005716   0x00000002   PAD
    0x08005718   0x08005718   0x000000ea   Code   RO         4637    x$fpl$fsub          fz_ws.l(faddsub_clz.o)
    0x08005802   0x08005802   0x00000004   Code   RO         4770    x$fpl$printf1       fz_ws.l(printf1.o)
    0x08005806   0x08005806   0x00000004   Code   RO         4772    x$fpl$printf2       fz_ws.l(printf2.o)
    0x0800580a   0x0800580a   0x00000064   Code   RO         4859    x$fpl$retnan        fz_ws.l(retnan.o)
    0x0800586e   0x0800586e   0x0000005c   Code   RO         4778    x$fpl$scalbn        fz_ws.l(scalbn.o)
    0x080058ca   0x080058ca   0x0000004c   Code   RO         4665    x$fpl$scalbnf       fz_ws.l(scalbnf.o)
    0x08005916   0x08005916   0x00000030   Code   RO         4915    x$fpl$trapveneer    fz_ws.l(trapv.o)
    0x08005946   0x08005946   0x00000000   Code   RO         4780    x$fpl$usenofp       fz_ws.l(usenofp.o)
    0x08005946   0x08005946   0x000039f6   Data   RO          527    .constdata          lcd.o
    0x0800933c   0x0800933c   0x00000028   Data   RO         4584    .constdata          c_w.l(_printf_hex_int_ll_ptr.o)
    0x08009364   0x08009364   0x00000011   Data   RO         4604    .constdata          c_w.l(__printf_flags_ss_wp.o)
    0x08009375   0x08009375   0x00000003   PAD
    0x08009378   0x08009378   0x00000098   Data   RO         4679    .constdata          m_ws.l(atan.o)
    0x08009410   0x08009410   0x00000008   Data   RO         4717    .constdata          c_w.l(_printf_wctomb.o)
    0x08009418   0x08009418   0x00000008   Data   RO         4799    .constdata          m_ws.l(qnan.o)
    0x08009420   0x08009420   0x00000026   Data   RO         4837    .constdata          c_w.l(_printf_fp_hex.o)
    0x08009446   0x08009446   0x00000002   PAD
    0x08009448   0x08009448   0x00000094   Data   RO         4878    .constdata          c_w.l(bigflt0.o)
    0x080094dc   0x080094dc   0x00000020   Data   RO         5048    Region$$Table       anon$$obj.o
    0x080094fc   0x080094fc   0x0000001c   Data   RO         4902    locale$$data        c_w.l(lc_numeric_c.o)
    0x08009518   0x08009518   0x00000110   Data   RO         4919    locale$$data        c_w.l(lc_ctype_c.o)


    Execution Region ER_RW (Exec base: 0x20000000, Load base: 0x08009628, Size: 0x00000094, Max: 0xffffffff, ABSOLUTE)

    Exec Addr    Load Addr    Size         Type   Attr      Idx    E Section Name        Object

    0x20000000   0x08009628   0x00000014   Data   RW          169    .data               control.o
    0x20000014   0x0800963c   0x00000024   Data   RW          323    .data               mahony.o
    0x20000038   0x08009660   0x0000002c   Data   RW          354    .data               imu.o
    0x20000064   0x0800968c   0x00000001   Data   RW          757    .data               icm20602ormpu6050.o
    0x20000065   0x0800968d   0x00000001   PAD
    0x20000066   0x0800968e   0x00000004   Data   RW         1436    .data               delay.o
    0x2000006a   0x08009692   0x00000002   Data   RW         1499    .data               usart.o
    0x2000006c   0x08009694   0x00000014   Data   RW         1646    .data               system_stm32f10x.o
    0x20000080   0x080096a8   0x00000014   Data   RW         1882    .data               stm32f10x_rcc.o


    Execution Region ER_ZI (Exec base: 0x20000094, Load base: 0x080096bc, Size: 0x0000089c, Max: 0xffffffff, ABSOLUTE)

    Exec Addr    Load Addr    Size         Type   Attr      Idx    E Section Name        Object

    0x20000094        -       0x000000a8   Zero   RW          168    .bss                control.o
    0x2000013c        -       0x000000b8   Zero   RW          353    .bss                imu.o
    0x200001f4        -       0x00000014   Zero   RW          756    .bss                icm20602ormpu6050.o
    0x20000208        -       0x000000c8   Zero   RW         1498    .bss                usart.o
    0x200002d0        -       0x00000060   Zero   RW         4862    .bss                c_w.l(libspace.o)
    0x20000330        -       0x00000200   Zero   RW         1547    HEAP                startup_stm32f10x_hd.o
    0x20000530        -       0x00000400   Zero   RW         1546    STACK               startup_stm32f10x_hd.o


==============================================================================

Image component sizes


      Code (inc. data)   RO Data    RW Data    ZI Data      Debug   Object Name

       270         24          0          0          0       1125   all_init.o
       440         84          0         20        168       3931   control.o
       164         26          0          4          0       1663   delay.o
       280         14          0          0          0       1312   encoder.o
       520         52          0          0          0       5401   i2c.o
       726         22          0          1         20       7997   icm20602ormpu6050.o
       944         94          0         44        184       5977   imu.o
      2388         80      14838          0          0      16648   lcd.o
        48          6          0          0          0        479   led.o
       808         20          0         36          0       2252   mahony.o
        18          0          0          0          0     252355   main.o
       128          4          0          0          0       1586   misc.o
       292         28          0          0          0       2260   motor.o
       358         16          0          0          0       3475   pid.o
        64         26        304          0       1536        788   startup_stm32f10x_hd.o
       174          0          0          0          0       3064   stm32f10x_gpio.o
        18          0          0          0          0       3606   stm32f10x_it.o
       228         30          0         20          0       4578   stm32f10x_rcc.o
      1352        180          0          0          0      16883   stm32f10x_tim.o
       338          6          0          0          0       5262   stm32f10x_usart.o
        40         10          0          0          0        527   sys.o
       260         26          0         20          0       2009   system_stm32f10x.o
        84          6          0          0          0        620   timer.o
       258         22          0          2        200       3568   usart.o

    ----------------------------------------------------------------------
     10228        776      15174        148       2108     347366   Object Totals
         0          0         32          0          0          0   (incl. Generated)
        28          0          0          1          0          0   (incl. Padding)

    ----------------------------------------------------------------------

      Code (inc. data)   RO Data    RW Data    ZI Data      Debug   Library Member Name

         8          0          0          0          0         68   __main.o
       392          4         17          0          0         92   __printf_flags_ss_wp.o
        14          0          0          0          0         68   __printf_wp.o
         0          0          0          0          0          0   __rtentry.o
        12          0          0          0          0          0   __rtentry2.o
         6          0          0          0          0          0   __rtentry4.o
        52          8          0          0          0          0   __scatter.o
        26          0          0          0          0          0   __scatter_copy.o
        28          0          0          0          0          0   __scatter_zi.o
         6          0          0          0          0          0   _printf_a.o
         6          0          0          0          0          0   _printf_c.o
        44          0          0          0          0        108   _printf_char.o
        48          6          0          0          0         96   _printf_char_common.o
        40          0          0          0          0         68   _printf_charcount.o
         6          0          0          0          0          0   _printf_d.o
       120         16          0          0          0         92   _printf_dec.o
         6          0          0          0          0          0   _printf_e.o
         6          0          0          0          0          0   _printf_f.o
      1054          0          0          0          0        216   _printf_fp_dec.o
       764          8         38          0          0        100   _printf_fp_hex.o
       128         16          0          0          0         84   _printf_fp_infnan.o
         6          0          0          0          0          0   _printf_g.o
       148          4         40          0          0        160   _printf_hex_int_ll_ptr.o
         6          0          0          0          0          0   _printf_i.o
       178          0          0          0          0         88   _printf_intcommon.o
        10          0          0          0          0          0   _printf_l.o
         6          0          0          0          0          0   _printf_lc.o
        10          0          0          0          0          0   _printf_ll.o
         6          0          0          0          0          0   _printf_lld.o
         6          0          0          0          0          0   _printf_lli.o
         6          0          0          0          0          0   _printf_llo.o
         6          0          0          0          0          0   _printf_llu.o
         6          0          0          0          0          0   _printf_llx.o
       124         16          0          0          0         92   _printf_longlong_dec.o
         6          0          0          0          0          0   _printf_ls.o
         6          0          0          0          0          0   _printf_n.o
         6          0          0          0          0          0   _printf_o.o
       112         10          0          0          0        124   _printf_oct_int_ll.o
         6          0          0          0          0          0   _printf_p.o
        78          0          0          0          0        108   _printf_pad.o
         0          0          0          0          0          0   _printf_percent.o
         4          0          0          0          0          0   _printf_percent_end.o
         6          0          0          0          0          0   _printf_s.o
        82          0          0          0          0         80   _printf_str.o
        36          0          0          0          0         84   _printf_truncate.o
         6          0          0          0          0          0   _printf_u.o
        44          0          0          0          0        108   _printf_wchar.o
       188          6          8          0          0         92   _printf_wctomb.o
         6          0          0          0          0          0   _printf_x.o
        22          0          0          0          0        100   _rserrno.o
        10          0          0          0          0         68   _sputc.o
        64          0          0          0          0         92   _wcrtomb.o
       228          4        148          0          0         96   bigflt0.o
      1936        128          0          0          0        672   btod.o
        18          0          0          0          0         80   exit.o
         6          0          0          0          0        152   heapauxi.o
        44         10        272          0          0         76   lc_ctype_c.o
        44         10         28          0          0         76   lc_numeric_c.o
         2          0          0          0          0          0   libinit.o
        30          0          0          0          0          0   libinit2.o
         2          0          0          0          0          0   libshutdown.o
         2          0          0          0          0          0   libshutdown2.o
         8          4          0          0         96         68   libspace.o
       138          0          0          0          0         80   lludiv10.o
        16          4          0          0          0         76   rt_ctype_table.o
         8          4          0          0          0         68   rt_errno_addr_intlibspace.o
         8          4          0          0          0         68   rt_locale_intlibspace.o
        78          0          0          0          0         80   rt_memclr_w.o
         2          0          0          0          0          0   rtexit.o
        10          0          0          0          0          0   rtexit2.o
       128          0          0          0          0         68   strcmpv7m.o
        74          0          0          0          0         80   sys_stackheap_outer.o
         2          0          0          0          0         68   use_no_semi.o
         2          0          0          0          0         68   use_no_semi_2.o
        36          4          0          0          0         76   vsprintf.o
        98          4          0          0          0         92   d2f.o
       826         16          0          0          0        348   daddsub_clz.o
        16          4          0          0          0         68   dcheck1.o
        24          0          0          0          0         68   dcmpi.o
       688        140          0          0          0        208   ddiv.o
       120          4          0          0          0         92   deqf.o
       340         12          0          0          0        104   dmul.o
       156          4          0          0          0         92   dnaninf.o
        12          0          0          0          0         68   dretinf.o
        86          4          0          0          0         84   f2d.o
       450          8          0          0          0        236   faddsub_clz.o
        12          4          0          0          0         68   fcheck1.o
        24          0          0          0          0         68   fcmpi.o
       388         76          0          0          0         96   fdiv.o
        54          4          0          0          0         84   ffix.o
        86          0          0          0          0        136   fflt_clz.o
       104          4          0          0          0         84   fleqf.o
       258          4          0          0          0         84   fmul.o
       140          4          0          0          0         84   fnaninf.o
        10          0          0          0          0         68   fretinf.o
        98          0          0          0          0         68   frleqf.o
         4          0          0          0          0         68   printf1.o
         4          0          0          0          0         68   printf2.o
       100          0          0          0          0         68   retnan.o
        92          0          0          0          0         68   scalbn.o
        76          0          0          0          0         68   scalbnf.o
        48          0          0          0          0         68   trapv.o
         0          0          0          0          0          0   usenofp.o
       544         70        152          0          0        124   atan.o
       412         38          0          0          0        144   atan2.o
        26          6          0          0          0        204   dunder.o
        40          0          0          0          0         68   fpclassify.o
       170          0          0          0          0         96   poly.o
         0          0          8          0          0          0   qnan.o

    ----------------------------------------------------------------------
     12322        672        716          0         96       7484   Library Totals
        28          0          5          0          0          0   (incl. Padding)

    ----------------------------------------------------------------------

      Code (inc. data)   RO Data    RW Data    ZI Data      Debug   Library Name

      6788        266        551          0         96       4140   c_w.l
      4314        292          0          0          0       2708   fz_ws.l
      1192        114        160          0          0        636   m_ws.l

    ----------------------------------------------------------------------
     12322        672        716          0         96       7484   Library Totals

    ----------------------------------------------------------------------

==============================================================================


      Code (inc. data)   RO Data    RW Data    ZI Data      Debug   

     22550       1448      15890        148       2204     344290   Grand Totals
     22550       1448      15890        148       2204     344290   ELF Image Totals
     22550       1448      15890        148          0          0   ROM Totals

==============================================================================

    Total RO  Size (Code + RO Data)                38440 (  37.54kB)
    Total RW  Size (RW Data + ZI Data)              2352 (   2.30kB)
    Total ROM Size (Code + RO Data + RW Data)      38588 (  37.68kB)

==============================================================================

